Archive member included to satisfy reference by file (symbol)

/opt/gcc-arm/bin/../lib/gcc/arm-none-eabi/8.2.1/../../../../arm-none-eabi/lib/thumb/v7-m/nofp/libc.a(lib_a-strlen-stub.o)
                              miniprintf.o (strlen)
/home/son/stm32/libopencm3/lib/libopencm3_stm32f1.a(gpio.o)
                              uarthwfc.o (gpio_set_mode)
/home/son/stm32/libopencm3/lib/libopencm3_stm32f1.a(rcc.o)
                              uarthwfc.o (rcc_clock_setup_in_hse_8mhz_out_24mhz)
/home/son/stm32/libopencm3/lib/libopencm3_stm32f1.a(gpio_common_all.o)
                              uarthwfc.o (gpio_toggle)
/home/son/stm32/libopencm3/lib/libopencm3_stm32f1.a(usart_common_all.o)
                              uarthwfc.o (usart_set_baudrate)
/home/son/stm32/libopencm3/lib/libopencm3_stm32f1.a(usart_common_f124.o)
                              /home/son/stm32/libopencm3/lib/libopencm3_stm32f1.a(usart_common_all.o) (usart_send)
/home/son/stm32/libopencm3/lib/libopencm3_stm32f1.a(rcc_common_all.o)
                              uarthwfc.o (rcc_periph_clock_enable)
/home/son/stm32/libopencm3/lib/libopencm3_stm32f1.a(flash_common_f01.o)
                              /home/son/stm32/libopencm3/lib/libopencm3_stm32f1.a(rcc.o) (flash_set_ws)
/home/son/stm32/libopencm3/lib/libopencm3_stm32f1.a(vector.o)
                              (reset_handler)
/home/son/stm32/libopencm3/lib/libopencm3_stm32f1.a(assert.o)
                              /home/son/stm32/libopencm3/lib/libopencm3_stm32f1.a(rcc.o) (cm3_assert_failed)
/home/son/stm32/libopencm3/lib/libopencm3_stm32f1.a(flash.o)
                              /home/son/stm32/libopencm3/lib/libopencm3_stm32f1.a(flash_common_f01.o) (flash_get_status_flags)

Discarded input sections

 .text          0x0000000000000000        0x0 uarthwfc.o
 .data          0x0000000000000000        0x0 uarthwfc.o
 .bss           0x0000000000000000        0x0 uarthwfc.o
 .text          0x0000000000000000        0x0 miniprintf.o
 .data          0x0000000000000000        0x0 miniprintf.o
 .bss           0x0000000000000000        0x0 miniprintf.o
 .text.mini_sputc
                0x0000000000000000       0x16 miniprintf.o
 .text.mini_vprintf_uncooked
                0x0000000000000000       0x30 miniprintf.o
 .text.mini_snprintf
                0x0000000000000000       0x44 miniprintf.o
 .text          0x0000000000000000        0x0 /opt/gcc-arm/bin/../lib/gcc/arm-none-eabi/8.2.1/../../../../arm-none-eabi/lib/thumb/v7-m/nofp/libc.a(lib_a-strlen-stub.o)
 .data          0x0000000000000000        0x0 /opt/gcc-arm/bin/../lib/gcc/arm-none-eabi/8.2.1/../../../../arm-none-eabi/lib/thumb/v7-m/nofp/libc.a(lib_a-strlen-stub.o)
 .bss           0x0000000000000000        0x0 /opt/gcc-arm/bin/../lib/gcc/arm-none-eabi/8.2.1/../../../../arm-none-eabi/lib/thumb/v7-m/nofp/libc.a(lib_a-strlen-stub.o)
 .group         0x0000000000000000        0x8 /home/son/stm32/libopencm3/lib/libopencm3_stm32f1.a(gpio.o)
 .group         0x0000000000000000        0x8 /home/son/stm32/libopencm3/lib/libopencm3_stm32f1.a(gpio.o)
 .group         0x0000000000000000        0x8 /home/son/stm32/libopencm3/lib/libopencm3_stm32f1.a(gpio.o)
 .group         0x0000000000000000        0x8 /home/son/stm32/libopencm3/lib/libopencm3_stm32f1.a(gpio.o)
 .group         0x0000000000000000        0x8 /home/son/stm32/libopencm3/lib/libopencm3_stm32f1.a(gpio.o)
 .group         0x0000000000000000        0x8 /home/son/stm32/libopencm3/lib/libopencm3_stm32f1.a(gpio.o)
 .group         0x0000000000000000        0x8 /home/son/stm32/libopencm3/lib/libopencm3_stm32f1.a(gpio.o)
 .group         0x0000000000000000        0x8 /home/son/stm32/libopencm3/lib/libopencm3_stm32f1.a(gpio.o)
 .group         0x0000000000000000        0x8 /home/son/stm32/libopencm3/lib/libopencm3_stm32f1.a(gpio.o)
 .group         0x0000000000000000        0x8 /home/son/stm32/libopencm3/lib/libopencm3_stm32f1.a(gpio.o)
 .group         0x0000000000000000        0x8 /home/son/stm32/libopencm3/lib/libopencm3_stm32f1.a(gpio.o)
 .group         0x0000000000000000        0x8 /home/son/stm32/libopencm3/lib/libopencm3_stm32f1.a(gpio.o)
 .text          0x0000000000000000        0x0 /home/son/stm32/libopencm3/lib/libopencm3_stm32f1.a(gpio.o)
 .data          0x0000000000000000        0x0 /home/son/stm32/libopencm3/lib/libopencm3_stm32f1.a(gpio.o)
 .bss           0x0000000000000000        0x0 /home/son/stm32/libopencm3/lib/libopencm3_stm32f1.a(gpio.o)
 .text.gpio_set_eventout
                0x0000000000000000       0x10 /home/son/stm32/libopencm3/lib/libopencm3_stm32f1.a(gpio.o)
 .text.gpio_primary_remap
                0x0000000000000000       0x14 /home/son/stm32/libopencm3/lib/libopencm3_stm32f1.a(gpio.o)
 .text.gpio_secondary_remap
                0x0000000000000000       0x10 /home/son/stm32/libopencm3/lib/libopencm3_stm32f1.a(gpio.o)
 .group         0x0000000000000000        0x8 /home/son/stm32/libopencm3/lib/libopencm3_stm32f1.a(rcc.o)
 .group         0x0000000000000000        0x8 /home/son/stm32/libopencm3/lib/libopencm3_stm32f1.a(rcc.o)
 .group         0x0000000000000000        0x8 /home/son/stm32/libopencm3/lib/libopencm3_stm32f1.a(rcc.o)
 .group         0x0000000000000000        0x8 /home/son/stm32/libopencm3/lib/libopencm3_stm32f1.a(rcc.o)
 .group         0x0000000000000000        0x8 /home/son/stm32/libopencm3/lib/libopencm3_stm32f1.a(rcc.o)
 .group         0x0000000000000000        0x8 /home/son/stm32/libopencm3/lib/libopencm3_stm32f1.a(rcc.o)
 .group         0x0000000000000000        0x8 /home/son/stm32/libopencm3/lib/libopencm3_stm32f1.a(rcc.o)
 .group         0x0000000000000000        0x8 /home/son/stm32/libopencm3/lib/libopencm3_stm32f1.a(rcc.o)
 .group         0x0000000000000000        0x8 /home/son/stm32/libopencm3/lib/libopencm3_stm32f1.a(rcc.o)
 .group         0x0000000000000000        0x8 /home/son/stm32/libopencm3/lib/libopencm3_stm32f1.a(rcc.o)
 .group         0x0000000000000000        0x8 /home/son/stm32/libopencm3/lib/libopencm3_stm32f1.a(rcc.o)
 .group         0x0000000000000000        0x8 /home/son/stm32/libopencm3/lib/libopencm3_stm32f1.a(rcc.o)
 .group         0x0000000000000000        0x8 /home/son/stm32/libopencm3/lib/libopencm3_stm32f1.a(rcc.o)
 .group         0x0000000000000000        0x8 /home/son/stm32/libopencm3/lib/libopencm3_stm32f1.a(rcc.o)
 .text          0x0000000000000000        0x0 /home/son/stm32/libopencm3/lib/libopencm3_stm32f1.a(rcc.o)
 .data          0x0000000000000000        0x0 /home/son/stm32/libopencm3/lib/libopencm3_stm32f1.a(rcc.o)
 .bss           0x0000000000000000        0x0 /home/son/stm32/libopencm3/lib/libopencm3_stm32f1.a(rcc.o)
 .text.rcc_osc_ready_int_clear
                0x0000000000000000       0x5c /home/son/stm32/libopencm3/lib/libopencm3_stm32f1.a(rcc.o)
 .text.rcc_osc_ready_int_enable
                0x0000000000000000       0x5c /home/son/stm32/libopencm3/lib/libopencm3_stm32f1.a(rcc.o)
 .text.rcc_osc_ready_int_disable
                0x0000000000000000       0x5c /home/son/stm32/libopencm3/lib/libopencm3_stm32f1.a(rcc.o)
 .text.rcc_osc_ready_int_flag
                0x0000000000000000       0x54 /home/son/stm32/libopencm3/lib/libopencm3_stm32f1.a(rcc.o)
 .text.rcc_css_int_clear
                0x0000000000000000       0x10 /home/son/stm32/libopencm3/lib/libopencm3_stm32f1.a(rcc.o)
 .text.rcc_css_int_flag
                0x0000000000000000       0x10 /home/son/stm32/libopencm3/lib/libopencm3_stm32f1.a(rcc.o)
 .text.rcc_osc_off
                0x0000000000000000       0x58 /home/son/stm32/libopencm3/lib/libopencm3_stm32f1.a(rcc.o)
 .text.rcc_css_enable
                0x0000000000000000       0x10 /home/son/stm32/libopencm3/lib/libopencm3_stm32f1.a(rcc.o)
 .text.rcc_css_disable
                0x0000000000000000       0x10 /home/son/stm32/libopencm3/lib/libopencm3_stm32f1.a(rcc.o)
 .text.rcc_set_pll2_multiplication_factor
                0x0000000000000000       0x14 /home/son/stm32/libopencm3/lib/libopencm3_stm32f1.a(rcc.o)
 .text.rcc_set_pll3_multiplication_factor
                0x0000000000000000       0x14 /home/son/stm32/libopencm3/lib/libopencm3_stm32f1.a(rcc.o)
 .text.rcc_rtc_clock_enabled_flag
                0x0000000000000000       0x10 /home/son/stm32/libopencm3/lib/libopencm3_stm32f1.a(rcc.o)
 .text.rcc_enable_rtc_clock
                0x0000000000000000       0x10 /home/son/stm32/libopencm3/lib/libopencm3_stm32f1.a(rcc.o)
 .text.rcc_set_rtc_clock_source
                0x0000000000000000       0x90 /home/son/stm32/libopencm3/lib/libopencm3_stm32f1.a(rcc.o)
 .text.rcc_set_usbpre
                0x0000000000000000       0x18 /home/son/stm32/libopencm3/lib/libopencm3_stm32f1.a(rcc.o)
 .text.rcc_set_prediv1
                0x0000000000000000       0x14 /home/son/stm32/libopencm3/lib/libopencm3_stm32f1.a(rcc.o)
 .text.rcc_set_prediv2
                0x0000000000000000       0x14 /home/son/stm32/libopencm3/lib/libopencm3_stm32f1.a(rcc.o)
 .text.rcc_set_prediv1_source
                0x0000000000000000       0x18 /home/son/stm32/libopencm3/lib/libopencm3_stm32f1.a(rcc.o)
 .text.rcc_system_clock_source
                0x0000000000000000       0x10 /home/son/stm32/libopencm3/lib/libopencm3_stm32f1.a(rcc.o)
 .text.rcc_clock_setup_in_hsi_out_64mhz
                0x0000000000000000       0x74 /home/son/stm32/libopencm3/lib/libopencm3_stm32f1.a(rcc.o)
 .text.rcc_clock_setup_in_hsi_out_48mhz
                0x0000000000000000       0x84 /home/son/stm32/libopencm3/lib/libopencm3_stm32f1.a(rcc.o)
 .text.rcc_clock_setup_in_hsi_out_24mhz
                0x0000000000000000       0x70 /home/son/stm32/libopencm3/lib/libopencm3_stm32f1.a(rcc.o)
 .text.rcc_clock_setup_in_hse_8mhz_out_72mhz
                0x0000000000000000       0x8c /home/son/stm32/libopencm3/lib/libopencm3_stm32f1.a(rcc.o)
 .text.rcc_clock_setup_in_hse_12mhz_out_72mhz
                0x0000000000000000       0x8c /home/son/stm32/libopencm3/lib/libopencm3_stm32f1.a(rcc.o)
 .text.rcc_clock_setup_in_hse_16mhz_out_72mhz
                0x0000000000000000       0x8c /home/son/stm32/libopencm3/lib/libopencm3_stm32f1.a(rcc.o)
 .text.rcc_clock_setup_in_hse_25mhz_out_72mhz
                0x0000000000000000       0xac /home/son/stm32/libopencm3/lib/libopencm3_stm32f1.a(rcc.o)
 .text.rcc_backupdomain_reset
                0x0000000000000000       0x18 /home/son/stm32/libopencm3/lib/libopencm3_stm32f1.a(rcc.o)
 .debug_macro   0x0000000000000000      0x86e /home/son/stm32/libopencm3/lib/libopencm3_stm32f1.a(rcc.o)
 .debug_macro   0x0000000000000000       0x22 /home/son/stm32/libopencm3/lib/libopencm3_stm32f1.a(rcc.o)
 .debug_macro   0x0000000000000000       0x44 /home/son/stm32/libopencm3/lib/libopencm3_stm32f1.a(rcc.o)
 .debug_macro   0x0000000000000000       0xe3 /home/son/stm32/libopencm3/lib/libopencm3_stm32f1.a(rcc.o)
 .debug_macro   0x0000000000000000       0x22 /home/son/stm32/libopencm3/lib/libopencm3_stm32f1.a(rcc.o)
 .debug_macro   0x0000000000000000      0x1df /home/son/stm32/libopencm3/lib/libopencm3_stm32f1.a(rcc.o)
 .debug_macro   0x0000000000000000       0x22 /home/son/stm32/libopencm3/lib/libopencm3_stm32f1.a(rcc.o)
 .debug_macro   0x0000000000000000       0xfa /home/son/stm32/libopencm3/lib/libopencm3_stm32f1.a(rcc.o)
 .debug_macro   0x0000000000000000       0x58 /home/son/stm32/libopencm3/lib/libopencm3_stm32f1.a(rcc.o)
 .debug_macro   0x0000000000000000      0x1b4 /home/son/stm32/libopencm3/lib/libopencm3_stm32f1.a(rcc.o)
 .group         0x0000000000000000        0x8 /home/son/stm32/libopencm3/lib/libopencm3_stm32f1.a(gpio_common_all.o)
 .group         0x0000000000000000        0x8 /home/son/stm32/libopencm3/lib/libopencm3_stm32f1.a(gpio_common_all.o)
 .group         0x0000000000000000        0x8 /home/son/stm32/libopencm3/lib/libopencm3_stm32f1.a(gpio_common_all.o)
 .group         0x0000000000000000        0x8 /home/son/stm32/libopencm3/lib/libopencm3_stm32f1.a(gpio_common_all.o)
 .group         0x0000000000000000        0x8 /home/son/stm32/libopencm3/lib/libopencm3_stm32f1.a(gpio_common_all.o)
 .group         0x0000000000000000        0x8 /home/son/stm32/libopencm3/lib/libopencm3_stm32f1.a(gpio_common_all.o)
 .group         0x0000000000000000        0x8 /home/son/stm32/libopencm3/lib/libopencm3_stm32f1.a(gpio_common_all.o)
 .group         0x0000000000000000        0x8 /home/son/stm32/libopencm3/lib/libopencm3_stm32f1.a(gpio_common_all.o)
 .group         0x0000000000000000        0x8 /home/son/stm32/libopencm3/lib/libopencm3_stm32f1.a(gpio_common_all.o)
 .group         0x0000000000000000        0x8 /home/son/stm32/libopencm3/lib/libopencm3_stm32f1.a(gpio_common_all.o)
 .group         0x0000000000000000        0x8 /home/son/stm32/libopencm3/lib/libopencm3_stm32f1.a(gpio_common_all.o)
 .group         0x0000000000000000        0x8 /home/son/stm32/libopencm3/lib/libopencm3_stm32f1.a(gpio_common_all.o)
 .text          0x0000000000000000        0x0 /home/son/stm32/libopencm3/lib/libopencm3_stm32f1.a(gpio_common_all.o)
 .data          0x0000000000000000        0x0 /home/son/stm32/libopencm3/lib/libopencm3_stm32f1.a(gpio_common_all.o)
 .bss           0x0000000000000000        0x0 /home/son/stm32/libopencm3/lib/libopencm3_stm32f1.a(gpio_common_all.o)
 .text.gpio_set
                0x0000000000000000        0x4 /home/son/stm32/libopencm3/lib/libopencm3_stm32f1.a(gpio_common_all.o)
 .text.gpio_clear
                0x0000000000000000        0x6 /home/son/stm32/libopencm3/lib/libopencm3_stm32f1.a(gpio_common_all.o)
 .text.gpio_get
                0x0000000000000000        0x6 /home/son/stm32/libopencm3/lib/libopencm3_stm32f1.a(gpio_common_all.o)
 .text.gpio_port_read
                0x0000000000000000        0x6 /home/son/stm32/libopencm3/lib/libopencm3_stm32f1.a(gpio_common_all.o)
 .text.gpio_port_write
                0x0000000000000000        0x4 /home/son/stm32/libopencm3/lib/libopencm3_stm32f1.a(gpio_common_all.o)
 .text.gpio_port_config_lock
                0x0000000000000000       0x10 /home/son/stm32/libopencm3/lib/libopencm3_stm32f1.a(gpio_common_all.o)
 .debug_macro   0x0000000000000000      0x86e /home/son/stm32/libopencm3/lib/libopencm3_stm32f1.a(gpio_common_all.o)
 .debug_macro   0x0000000000000000       0x22 /home/son/stm32/libopencm3/lib/libopencm3_stm32f1.a(gpio_common_all.o)
 .debug_macro   0x0000000000000000       0x44 /home/son/stm32/libopencm3/lib/libopencm3_stm32f1.a(gpio_common_all.o)
 .debug_macro   0x0000000000000000       0xe3 /home/son/stm32/libopencm3/lib/libopencm3_stm32f1.a(gpio_common_all.o)
 .debug_macro   0x0000000000000000       0x22 /home/son/stm32/libopencm3/lib/libopencm3_stm32f1.a(gpio_common_all.o)
 .debug_macro   0x0000000000000000      0x1df /home/son/stm32/libopencm3/lib/libopencm3_stm32f1.a(gpio_common_all.o)
 .debug_macro   0x0000000000000000       0x22 /home/son/stm32/libopencm3/lib/libopencm3_stm32f1.a(gpio_common_all.o)
 .debug_macro   0x0000000000000000       0xfa /home/son/stm32/libopencm3/lib/libopencm3_stm32f1.a(gpio_common_all.o)
 .debug_macro   0x0000000000000000       0x58 /home/son/stm32/libopencm3/lib/libopencm3_stm32f1.a(gpio_common_all.o)
 .debug_macro   0x0000000000000000      0x1b4 /home/son/stm32/libopencm3/lib/libopencm3_stm32f1.a(gpio_common_all.o)
 .debug_macro   0x0000000000000000       0x76 /home/son/stm32/libopencm3/lib/libopencm3_stm32f1.a(gpio_common_all.o)
 .debug_macro   0x0000000000000000      0xdfd /home/son/stm32/libopencm3/lib/libopencm3_stm32f1.a(gpio_common_all.o)
 .group         0x0000000000000000        0x8 /home/son/stm32/libopencm3/lib/libopencm3_stm32f1.a(usart_common_all.o)
 .group         0x0000000000000000        0x8 /home/son/stm32/libopencm3/lib/libopencm3_stm32f1.a(usart_common_all.o)
 .group         0x0000000000000000        0x8 /home/son/stm32/libopencm3/lib/libopencm3_stm32f1.a(usart_common_all.o)
 .group         0x0000000000000000        0x8 /home/son/stm32/libopencm3/lib/libopencm3_stm32f1.a(usart_common_all.o)
 .group         0x0000000000000000        0x8 /home/son/stm32/libopencm3/lib/libopencm3_stm32f1.a(usart_common_all.o)
 .group         0x0000000000000000        0x8 /home/son/stm32/libopencm3/lib/libopencm3_stm32f1.a(usart_common_all.o)
 .group         0x0000000000000000        0x8 /home/son/stm32/libopencm3/lib/libopencm3_stm32f1.a(usart_common_all.o)
 .group         0x0000000000000000        0x8 /home/son/stm32/libopencm3/lib/libopencm3_stm32f1.a(usart_common_all.o)
 .group         0x0000000000000000        0x8 /home/son/stm32/libopencm3/lib/libopencm3_stm32f1.a(usart_common_all.o)
 .group         0x0000000000000000        0x8 /home/son/stm32/libopencm3/lib/libopencm3_stm32f1.a(usart_common_all.o)
 .group         0x0000000000000000        0x8 /home/son/stm32/libopencm3/lib/libopencm3_stm32f1.a(usart_common_all.o)
 .group         0x0000000000000000        0x8 /home/son/stm32/libopencm3/lib/libopencm3_stm32f1.a(usart_common_all.o)
 .group         0x0000000000000000        0x8 /home/son/stm32/libopencm3/lib/libopencm3_stm32f1.a(usart_common_all.o)
 .text          0x0000000000000000        0x0 /home/son/stm32/libopencm3/lib/libopencm3_stm32f1.a(usart_common_all.o)
 .data          0x0000000000000000        0x0 /home/son/stm32/libopencm3/lib/libopencm3_stm32f1.a(usart_common_all.o)
 .bss           0x0000000000000000        0x0 /home/son/stm32/libopencm3/lib/libopencm3_stm32f1.a(usart_common_all.o)
 .text.usart_disable
                0x0000000000000000        0xa /home/son/stm32/libopencm3/lib/libopencm3_stm32f1.a(usart_common_all.o)
 .text.usart_recv_blocking
                0x0000000000000000       0x12 /home/son/stm32/libopencm3/lib/libopencm3_stm32f1.a(usart_common_all.o)
 .text.usart_enable_rx_dma
                0x0000000000000000        0xa /home/son/stm32/libopencm3/lib/libopencm3_stm32f1.a(usart_common_all.o)
 .text.usart_disable_rx_dma
                0x0000000000000000        0xa /home/son/stm32/libopencm3/lib/libopencm3_stm32f1.a(usart_common_all.o)
 .text.usart_enable_tx_dma
                0x0000000000000000        0xa /home/son/stm32/libopencm3/lib/libopencm3_stm32f1.a(usart_common_all.o)
 .text.usart_disable_tx_dma
                0x0000000000000000        0xa /home/son/stm32/libopencm3/lib/libopencm3_stm32f1.a(usart_common_all.o)
 .text.usart_enable_rx_interrupt
                0x0000000000000000        0xa /home/son/stm32/libopencm3/lib/libopencm3_stm32f1.a(usart_common_all.o)
 .text.usart_disable_rx_interrupt
                0x0000000000000000        0xa /home/son/stm32/libopencm3/lib/libopencm3_stm32f1.a(usart_common_all.o)
 .text.usart_enable_tx_interrupt
                0x0000000000000000        0xa /home/son/stm32/libopencm3/lib/libopencm3_stm32f1.a(usart_common_all.o)
 .text.usart_disable_tx_interrupt
                0x0000000000000000        0xa /home/son/stm32/libopencm3/lib/libopencm3_stm32f1.a(usart_common_all.o)
 .text.usart_enable_error_interrupt
                0x0000000000000000        0xa /home/son/stm32/libopencm3/lib/libopencm3_stm32f1.a(usart_common_all.o)
 .text.usart_disable_error_interrupt
                0x0000000000000000        0xa /home/son/stm32/libopencm3/lib/libopencm3_stm32f1.a(usart_common_all.o)
 .debug_macro   0x0000000000000000      0x86e /home/son/stm32/libopencm3/lib/libopencm3_stm32f1.a(usart_common_all.o)
 .debug_macro   0x0000000000000000       0x22 /home/son/stm32/libopencm3/lib/libopencm3_stm32f1.a(usart_common_all.o)
 .debug_macro   0x0000000000000000       0x44 /home/son/stm32/libopencm3/lib/libopencm3_stm32f1.a(usart_common_all.o)
 .debug_macro   0x0000000000000000       0xe3 /home/son/stm32/libopencm3/lib/libopencm3_stm32f1.a(usart_common_all.o)
 .debug_macro   0x0000000000000000       0x22 /home/son/stm32/libopencm3/lib/libopencm3_stm32f1.a(usart_common_all.o)
 .debug_macro   0x0000000000000000      0x1df /home/son/stm32/libopencm3/lib/libopencm3_stm32f1.a(usart_common_all.o)
 .debug_macro   0x0000000000000000       0x22 /home/son/stm32/libopencm3/lib/libopencm3_stm32f1.a(usart_common_all.o)
 .debug_macro   0x0000000000000000       0xfa /home/son/stm32/libopencm3/lib/libopencm3_stm32f1.a(usart_common_all.o)
 .debug_macro   0x0000000000000000       0x58 /home/son/stm32/libopencm3/lib/libopencm3_stm32f1.a(usart_common_all.o)
 .debug_macro   0x0000000000000000      0x1b4 /home/son/stm32/libopencm3/lib/libopencm3_stm32f1.a(usart_common_all.o)
 .debug_macro   0x0000000000000000      0x82c /home/son/stm32/libopencm3/lib/libopencm3_stm32f1.a(usart_common_all.o)
 .group         0x0000000000000000        0x8 /home/son/stm32/libopencm3/lib/libopencm3_stm32f1.a(usart_common_f124.o)
 .group         0x0000000000000000        0x8 /home/son/stm32/libopencm3/lib/libopencm3_stm32f1.a(usart_common_f124.o)
 .group         0x0000000000000000        0x8 /home/son/stm32/libopencm3/lib/libopencm3_stm32f1.a(usart_common_f124.o)
 .group         0x0000000000000000        0x8 /home/son/stm32/libopencm3/lib/libopencm3_stm32f1.a(usart_common_f124.o)
 .group         0x0000000000000000        0x8 /home/son/stm32/libopencm3/lib/libopencm3_stm32f1.a(usart_common_f124.o)
 .group         0x0000000000000000        0x8 /home/son/stm32/libopencm3/lib/libopencm3_stm32f1.a(usart_common_f124.o)
 .group         0x0000000000000000        0x8 /home/son/stm32/libopencm3/lib/libopencm3_stm32f1.a(usart_common_f124.o)
 .group         0x0000000000000000        0x8 /home/son/stm32/libopencm3/lib/libopencm3_stm32f1.a(usart_common_f124.o)
 .group         0x0000000000000000        0x8 /home/son/stm32/libopencm3/lib/libopencm3_stm32f1.a(usart_common_f124.o)
 .group         0x0000000000000000        0x8 /home/son/stm32/libopencm3/lib/libopencm3_stm32f1.a(usart_common_f124.o)
 .group         0x0000000000000000        0x8 /home/son/stm32/libopencm3/lib/libopencm3_stm32f1.a(usart_common_f124.o)
 .group         0x0000000000000000        0x8 /home/son/stm32/libopencm3/lib/libopencm3_stm32f1.a(usart_common_f124.o)
 .group         0x0000000000000000        0x8 /home/son/stm32/libopencm3/lib/libopencm3_stm32f1.a(usart_common_f124.o)
 .text          0x0000000000000000        0x0 /home/son/stm32/libopencm3/lib/libopencm3_stm32f1.a(usart_common_f124.o)
 .data          0x0000000000000000        0x0 /home/son/stm32/libopencm3/lib/libopencm3_stm32f1.a(usart_common_f124.o)
 .bss           0x0000000000000000        0x0 /home/son/stm32/libopencm3/lib/libopencm3_stm32f1.a(usart_common_f124.o)
 .text.usart_recv
                0x0000000000000000        0x8 /home/son/stm32/libopencm3/lib/libopencm3_stm32f1.a(usart_common_f124.o)
 .text.usart_wait_recv_ready
                0x0000000000000000        0x8 /home/son/stm32/libopencm3/lib/libopencm3_stm32f1.a(usart_common_f124.o)
 .text.usart_get_flag
                0x0000000000000000        0xc /home/son/stm32/libopencm3/lib/libopencm3_stm32f1.a(usart_common_f124.o)
 .debug_macro   0x0000000000000000      0x86e /home/son/stm32/libopencm3/lib/libopencm3_stm32f1.a(usart_common_f124.o)
 .debug_macro   0x0000000000000000       0x22 /home/son/stm32/libopencm3/lib/libopencm3_stm32f1.a(usart_common_f124.o)
 .debug_macro   0x0000000000000000       0x44 /home/son/stm32/libopencm3/lib/libopencm3_stm32f1.a(usart_common_f124.o)
 .debug_macro   0x0000000000000000       0xe3 /home/son/stm32/libopencm3/lib/libopencm3_stm32f1.a(usart_common_f124.o)
 .debug_macro   0x0000000000000000       0x22 /home/son/stm32/libopencm3/lib/libopencm3_stm32f1.a(usart_common_f124.o)
 .debug_macro   0x0000000000000000      0x1df /home/son/stm32/libopencm3/lib/libopencm3_stm32f1.a(usart_common_f124.o)
 .debug_macro   0x0000000000000000       0x22 /home/son/stm32/libopencm3/lib/libopencm3_stm32f1.a(usart_common_f124.o)
 .debug_macro   0x0000000000000000       0xfa /home/son/stm32/libopencm3/lib/libopencm3_stm32f1.a(usart_common_f124.o)
 .debug_macro   0x0000000000000000       0x58 /home/son/stm32/libopencm3/lib/libopencm3_stm32f1.a(usart_common_f124.o)
 .debug_macro   0x0000000000000000      0x1b4 /home/son/stm32/libopencm3/lib/libopencm3_stm32f1.a(usart_common_f124.o)
 .debug_macro   0x0000000000000000       0x94 /home/son/stm32/libopencm3/lib/libopencm3_stm32f1.a(usart_common_f124.o)
 .debug_macro   0x0000000000000000      0x29e /home/son/stm32/libopencm3/lib/libopencm3_stm32f1.a(usart_common_f124.o)
 .debug_macro   0x0000000000000000      0x82c /home/son/stm32/libopencm3/lib/libopencm3_stm32f1.a(usart_common_f124.o)
 .group         0x0000000000000000        0x8 /home/son/stm32/libopencm3/lib/libopencm3_stm32f1.a(rcc_common_all.o)
 .group         0x0000000000000000        0x8 /home/son/stm32/libopencm3/lib/libopencm3_stm32f1.a(rcc_common_all.o)
 .group         0x0000000000000000        0x8 /home/son/stm32/libopencm3/lib/libopencm3_stm32f1.a(rcc_common_all.o)
 .group         0x0000000000000000        0x8 /home/son/stm32/libopencm3/lib/libopencm3_stm32f1.a(rcc_common_all.o)
 .group         0x0000000000000000        0x8 /home/son/stm32/libopencm3/lib/libopencm3_stm32f1.a(rcc_common_all.o)
 .group         0x0000000000000000        0x8 /home/son/stm32/libopencm3/lib/libopencm3_stm32f1.a(rcc_common_all.o)
 .group         0x0000000000000000        0x8 /home/son/stm32/libopencm3/lib/libopencm3_stm32f1.a(rcc_common_all.o)
 .group         0x0000000000000000        0x8 /home/son/stm32/libopencm3/lib/libopencm3_stm32f1.a(rcc_common_all.o)
 .group         0x0000000000000000        0x8 /home/son/stm32/libopencm3/lib/libopencm3_stm32f1.a(rcc_common_all.o)
 .group         0x0000000000000000        0x8 /home/son/stm32/libopencm3/lib/libopencm3_stm32f1.a(rcc_common_all.o)
 .group         0x0000000000000000        0x8 /home/son/stm32/libopencm3/lib/libopencm3_stm32f1.a(rcc_common_all.o)
 .text          0x0000000000000000        0x0 /home/son/stm32/libopencm3/lib/libopencm3_stm32f1.a(rcc_common_all.o)
 .data          0x0000000000000000        0x0 /home/son/stm32/libopencm3/lib/libopencm3_stm32f1.a(rcc_common_all.o)
 .bss           0x0000000000000000        0x0 /home/son/stm32/libopencm3/lib/libopencm3_stm32f1.a(rcc_common_all.o)
 .text.rcc_peripheral_enable_clock
                0x0000000000000000        0x8 /home/son/stm32/libopencm3/lib/libopencm3_stm32f1.a(rcc_common_all.o)
 .text.rcc_peripheral_disable_clock
                0x0000000000000000        0xa /home/son/stm32/libopencm3/lib/libopencm3_stm32f1.a(rcc_common_all.o)
 .text.rcc_peripheral_reset
                0x0000000000000000        0x8 /home/son/stm32/libopencm3/lib/libopencm3_stm32f1.a(rcc_common_all.o)
 .text.rcc_peripheral_clear_reset
                0x0000000000000000        0xa /home/son/stm32/libopencm3/lib/libopencm3_stm32f1.a(rcc_common_all.o)
 .text.rcc_periph_clock_disable
                0x0000000000000000       0x1c /home/son/stm32/libopencm3/lib/libopencm3_stm32f1.a(rcc_common_all.o)
 .text.rcc_periph_reset_pulse
                0x0000000000000000       0x22 /home/son/stm32/libopencm3/lib/libopencm3_stm32f1.a(rcc_common_all.o)
 .text.rcc_periph_reset_hold
                0x0000000000000000       0x1a /home/son/stm32/libopencm3/lib/libopencm3_stm32f1.a(rcc_common_all.o)
 .text.rcc_periph_reset_release
                0x0000000000000000       0x1c /home/son/stm32/libopencm3/lib/libopencm3_stm32f1.a(rcc_common_all.o)
 .text.rcc_set_mco
                0x0000000000000000       0x14 /home/son/stm32/libopencm3/lib/libopencm3_stm32f1.a(rcc_common_all.o)
 .text.rcc_osc_bypass_enable
                0x0000000000000000       0x28 /home/son/stm32/libopencm3/lib/libopencm3_stm32f1.a(rcc_common_all.o)
 .text.rcc_osc_bypass_disable
                0x0000000000000000       0x28 /home/son/stm32/libopencm3/lib/libopencm3_stm32f1.a(rcc_common_all.o)
 .debug_macro   0x0000000000000000      0x86e /home/son/stm32/libopencm3/lib/libopencm3_stm32f1.a(rcc_common_all.o)
 .debug_macro   0x0000000000000000       0x22 /home/son/stm32/libopencm3/lib/libopencm3_stm32f1.a(rcc_common_all.o)
 .debug_macro   0x0000000000000000       0x44 /home/son/stm32/libopencm3/lib/libopencm3_stm32f1.a(rcc_common_all.o)
 .debug_macro   0x0000000000000000       0xe3 /home/son/stm32/libopencm3/lib/libopencm3_stm32f1.a(rcc_common_all.o)
 .debug_macro   0x0000000000000000       0x22 /home/son/stm32/libopencm3/lib/libopencm3_stm32f1.a(rcc_common_all.o)
 .debug_macro   0x0000000000000000      0x1df /home/son/stm32/libopencm3/lib/libopencm3_stm32f1.a(rcc_common_all.o)
 .debug_macro   0x0000000000000000       0x22 /home/son/stm32/libopencm3/lib/libopencm3_stm32f1.a(rcc_common_all.o)
 .debug_macro   0x0000000000000000       0xfa /home/son/stm32/libopencm3/lib/libopencm3_stm32f1.a(rcc_common_all.o)
 .debug_macro   0x0000000000000000       0x58 /home/son/stm32/libopencm3/lib/libopencm3_stm32f1.a(rcc_common_all.o)
 .debug_macro   0x0000000000000000      0x1b4 /home/son/stm32/libopencm3/lib/libopencm3_stm32f1.a(rcc_common_all.o)
 .debug_macro   0x0000000000000000      0x82c /home/son/stm32/libopencm3/lib/libopencm3_stm32f1.a(rcc_common_all.o)
 .group         0x0000000000000000        0x8 /home/son/stm32/libopencm3/lib/libopencm3_stm32f1.a(flash_common_f01.o)
 .group         0x0000000000000000        0x8 /home/son/stm32/libopencm3/lib/libopencm3_stm32f1.a(flash_common_f01.o)
 .group         0x0000000000000000        0x8 /home/son/stm32/libopencm3/lib/libopencm3_stm32f1.a(flash_common_f01.o)
 .group         0x0000000000000000        0x8 /home/son/stm32/libopencm3/lib/libopencm3_stm32f1.a(flash_common_f01.o)
 .group         0x0000000000000000        0x8 /home/son/stm32/libopencm3/lib/libopencm3_stm32f1.a(flash_common_f01.o)
 .group         0x0000000000000000        0x8 /home/son/stm32/libopencm3/lib/libopencm3_stm32f1.a(flash_common_f01.o)
 .group         0x0000000000000000        0x8 /home/son/stm32/libopencm3/lib/libopencm3_stm32f1.a(flash_common_f01.o)
 .group         0x0000000000000000        0x8 /home/son/stm32/libopencm3/lib/libopencm3_stm32f1.a(flash_common_f01.o)
 .group         0x0000000000000000        0x8 /home/son/stm32/libopencm3/lib/libopencm3_stm32f1.a(flash_common_f01.o)
 .group         0x0000000000000000        0x8 /home/son/stm32/libopencm3/lib/libopencm3_stm32f1.a(flash_common_f01.o)
 .group         0x0000000000000000        0x8 /home/son/stm32/libopencm3/lib/libopencm3_stm32f1.a(flash_common_f01.o)
 .group         0x0000000000000000        0x8 /home/son/stm32/libopencm3/lib/libopencm3_stm32f1.a(flash_common_f01.o)
 .text          0x0000000000000000        0x0 /home/son/stm32/libopencm3/lib/libopencm3_stm32f1.a(flash_common_f01.o)
 .data          0x0000000000000000        0x0 /home/son/stm32/libopencm3/lib/libopencm3_stm32f1.a(flash_common_f01.o)
 .bss           0x0000000000000000        0x0 /home/son/stm32/libopencm3/lib/libopencm3_stm32f1.a(flash_common_f01.o)
 .text.flash_prefetch_buffer_enable
                0x0000000000000000       0x10 /home/son/stm32/libopencm3/lib/libopencm3_stm32f1.a(flash_common_f01.o)
 .text.flash_prefetch_buffer_disable
                0x0000000000000000       0x10 /home/son/stm32/libopencm3/lib/libopencm3_stm32f1.a(flash_common_f01.o)
 .text.flash_unlock
                0x0000000000000000       0x24 /home/son/stm32/libopencm3/lib/libopencm3_stm32f1.a(flash_common_f01.o)
 .text.flash_lock
                0x0000000000000000       0x10 /home/son/stm32/libopencm3/lib/libopencm3_stm32f1.a(flash_common_f01.o)
 .text.flash_clear_pgerr_flag
                0x0000000000000000       0x10 /home/son/stm32/libopencm3/lib/libopencm3_stm32f1.a(flash_common_f01.o)
 .text.flash_clear_eop_flag
                0x0000000000000000       0x10 /home/son/stm32/libopencm3/lib/libopencm3_stm32f1.a(flash_common_f01.o)
 .text.flash_clear_wrprterr_flag
                0x0000000000000000       0x10 /home/son/stm32/libopencm3/lib/libopencm3_stm32f1.a(flash_common_f01.o)
 .text.flash_clear_bsy_flag
                0x0000000000000000       0x10 /home/son/stm32/libopencm3/lib/libopencm3_stm32f1.a(flash_common_f01.o)
 .text.flash_wait_for_last_operation
                0x0000000000000000        0xc /home/son/stm32/libopencm3/lib/libopencm3_stm32f1.a(flash_common_f01.o)
 .text.flash_program_word
                0x0000000000000000       0x18 /home/son/stm32/libopencm3/lib/libopencm3_stm32f1.a(flash_common_f01.o)
 .text.flash_unlock_option_bytes
                0x0000000000000000       0x18 /home/son/stm32/libopencm3/lib/libopencm3_stm32f1.a(flash_common_f01.o)
 .text.flash_erase_option_bytes
                0x0000000000000000       0x34 /home/son/stm32/libopencm3/lib/libopencm3_stm32f1.a(flash_common_f01.o)
 .text.flash_program_option_bytes
                0x0000000000000000       0x34 /home/son/stm32/libopencm3/lib/libopencm3_stm32f1.a(flash_common_f01.o)
 .debug_macro   0x0000000000000000      0x86e /home/son/stm32/libopencm3/lib/libopencm3_stm32f1.a(flash_common_f01.o)
 .debug_macro   0x0000000000000000       0x22 /home/son/stm32/libopencm3/lib/libopencm3_stm32f1.a(flash_common_f01.o)
 .debug_macro   0x0000000000000000       0x44 /home/son/stm32/libopencm3/lib/libopencm3_stm32f1.a(flash_common_f01.o)
 .debug_macro   0x0000000000000000       0xe3 /home/son/stm32/libopencm3/lib/libopencm3_stm32f1.a(flash_common_f01.o)
 .debug_macro   0x0000000000000000       0x22 /home/son/stm32/libopencm3/lib/libopencm3_stm32f1.a(flash_common_f01.o)
 .debug_macro   0x0000000000000000      0x1df /home/son/stm32/libopencm3/lib/libopencm3_stm32f1.a(flash_common_f01.o)
 .debug_macro   0x0000000000000000       0x22 /home/son/stm32/libopencm3/lib/libopencm3_stm32f1.a(flash_common_f01.o)
 .debug_macro   0x0000000000000000       0xfa /home/son/stm32/libopencm3/lib/libopencm3_stm32f1.a(flash_common_f01.o)
 .debug_macro   0x0000000000000000       0x58 /home/son/stm32/libopencm3/lib/libopencm3_stm32f1.a(flash_common_f01.o)
 .debug_macro   0x0000000000000000      0x1b4 /home/son/stm32/libopencm3/lib/libopencm3_stm32f1.a(flash_common_f01.o)
 .debug_macro   0x0000000000000000       0xdc /home/son/stm32/libopencm3/lib/libopencm3_stm32f1.a(flash_common_f01.o)
 .debug_macro   0x0000000000000000       0x82 /home/son/stm32/libopencm3/lib/libopencm3_stm32f1.a(flash_common_f01.o)
 .group         0x0000000000000000        0x8 /home/son/stm32/libopencm3/lib/libopencm3_stm32f1.a(vector.o)
 .group         0x0000000000000000        0x8 /home/son/stm32/libopencm3/lib/libopencm3_stm32f1.a(vector.o)
 .group         0x0000000000000000        0x8 /home/son/stm32/libopencm3/lib/libopencm3_stm32f1.a(vector.o)
 .group         0x0000000000000000        0x8 /home/son/stm32/libopencm3/lib/libopencm3_stm32f1.a(vector.o)
 .group         0x0000000000000000        0x8 /home/son/stm32/libopencm3/lib/libopencm3_stm32f1.a(vector.o)
 .group         0x0000000000000000        0x8 /home/son/stm32/libopencm3/lib/libopencm3_stm32f1.a(vector.o)
 .group         0x0000000000000000        0x8 /home/son/stm32/libopencm3/lib/libopencm3_stm32f1.a(vector.o)
 .group         0x0000000000000000        0x8 /home/son/stm32/libopencm3/lib/libopencm3_stm32f1.a(vector.o)
 .group         0x0000000000000000        0x8 /home/son/stm32/libopencm3/lib/libopencm3_stm32f1.a(vector.o)
 .group         0x0000000000000000        0x8 /home/son/stm32/libopencm3/lib/libopencm3_stm32f1.a(vector.o)
 .group         0x0000000000000000        0x8 /home/son/stm32/libopencm3/lib/libopencm3_stm32f1.a(vector.o)
 .group         0x0000000000000000        0x8 /home/son/stm32/libopencm3/lib/libopencm3_stm32f1.a(vector.o)
 .text          0x0000000000000000        0x0 /home/son/stm32/libopencm3/lib/libopencm3_stm32f1.a(vector.o)
 .data          0x0000000000000000        0x0 /home/son/stm32/libopencm3/lib/libopencm3_stm32f1.a(vector.o)
 .bss           0x0000000000000000        0x0 /home/son/stm32/libopencm3/lib/libopencm3_stm32f1.a(vector.o)
 .debug_macro   0x0000000000000000      0x86e /home/son/stm32/libopencm3/lib/libopencm3_stm32f1.a(vector.o)
 .debug_macro   0x0000000000000000       0x58 /home/son/stm32/libopencm3/lib/libopencm3_stm32f1.a(vector.o)
 .debug_macro   0x0000000000000000       0x22 /home/son/stm32/libopencm3/lib/libopencm3_stm32f1.a(vector.o)
 .debug_macro   0x0000000000000000       0x44 /home/son/stm32/libopencm3/lib/libopencm3_stm32f1.a(vector.o)
 .debug_macro   0x0000000000000000       0xe3 /home/son/stm32/libopencm3/lib/libopencm3_stm32f1.a(vector.o)
 .debug_macro   0x0000000000000000       0x22 /home/son/stm32/libopencm3/lib/libopencm3_stm32f1.a(vector.o)
 .debug_macro   0x0000000000000000      0x1df /home/son/stm32/libopencm3/lib/libopencm3_stm32f1.a(vector.o)
 .debug_macro   0x0000000000000000       0x22 /home/son/stm32/libopencm3/lib/libopencm3_stm32f1.a(vector.o)
 .debug_macro   0x0000000000000000       0xfa /home/son/stm32/libopencm3/lib/libopencm3_stm32f1.a(vector.o)
 .group         0x0000000000000000        0x8 /home/son/stm32/libopencm3/lib/libopencm3_stm32f1.a(assert.o)
 .group         0x0000000000000000        0x8 /home/son/stm32/libopencm3/lib/libopencm3_stm32f1.a(assert.o)
 .group         0x0000000000000000        0x8 /home/son/stm32/libopencm3/lib/libopencm3_stm32f1.a(assert.o)
 .group         0x0000000000000000        0x8 /home/son/stm32/libopencm3/lib/libopencm3_stm32f1.a(assert.o)
 .group         0x0000000000000000        0x8 /home/son/stm32/libopencm3/lib/libopencm3_stm32f1.a(assert.o)
 .group         0x0000000000000000        0x8 /home/son/stm32/libopencm3/lib/libopencm3_stm32f1.a(assert.o)
 .group         0x0000000000000000        0x8 /home/son/stm32/libopencm3/lib/libopencm3_stm32f1.a(assert.o)
 .group         0x0000000000000000        0x8 /home/son/stm32/libopencm3/lib/libopencm3_stm32f1.a(assert.o)
 .group         0x0000000000000000        0x8 /home/son/stm32/libopencm3/lib/libopencm3_stm32f1.a(assert.o)
 .text          0x0000000000000000        0x0 /home/son/stm32/libopencm3/lib/libopencm3_stm32f1.a(assert.o)
 .data          0x0000000000000000        0x0 /home/son/stm32/libopencm3/lib/libopencm3_stm32f1.a(assert.o)
 .bss           0x0000000000000000        0x0 /home/son/stm32/libopencm3/lib/libopencm3_stm32f1.a(assert.o)
 .text.cm3_assert_failed
                0x0000000000000000        0x2 /home/son/stm32/libopencm3/lib/libopencm3_stm32f1.a(assert.o)
 .text.cm3_assert_failed_verbose
                0x0000000000000000        0x6 /home/son/stm32/libopencm3/lib/libopencm3_stm32f1.a(assert.o)
 .debug_info    0x0000000000000000       0xee /home/son/stm32/libopencm3/lib/libopencm3_stm32f1.a(assert.o)
 .debug_abbrev  0x0000000000000000       0x89 /home/son/stm32/libopencm3/lib/libopencm3_stm32f1.a(assert.o)
 .debug_loc     0x0000000000000000       0x84 /home/son/stm32/libopencm3/lib/libopencm3_stm32f1.a(assert.o)
 .debug_aranges
                0x0000000000000000       0x28 /home/son/stm32/libopencm3/lib/libopencm3_stm32f1.a(assert.o)
 .debug_ranges  0x0000000000000000       0x18 /home/son/stm32/libopencm3/lib/libopencm3_stm32f1.a(assert.o)
 .debug_macro   0x0000000000000000       0x7b /home/son/stm32/libopencm3/lib/libopencm3_stm32f1.a(assert.o)
 .debug_macro   0x0000000000000000      0x86e /home/son/stm32/libopencm3/lib/libopencm3_stm32f1.a(assert.o)
 .debug_macro   0x0000000000000000       0x22 /home/son/stm32/libopencm3/lib/libopencm3_stm32f1.a(assert.o)
 .debug_macro   0x0000000000000000       0x44 /home/son/stm32/libopencm3/lib/libopencm3_stm32f1.a(assert.o)
 .debug_macro   0x0000000000000000       0xe3 /home/son/stm32/libopencm3/lib/libopencm3_stm32f1.a(assert.o)
 .debug_macro   0x0000000000000000       0x22 /home/son/stm32/libopencm3/lib/libopencm3_stm32f1.a(assert.o)
 .debug_macro   0x0000000000000000      0x1df /home/son/stm32/libopencm3/lib/libopencm3_stm32f1.a(assert.o)
 .debug_macro   0x0000000000000000       0x22 /home/son/stm32/libopencm3/lib/libopencm3_stm32f1.a(assert.o)
 .debug_macro   0x0000000000000000       0xfa /home/son/stm32/libopencm3/lib/libopencm3_stm32f1.a(assert.o)
 .debug_macro   0x0000000000000000       0x16 /home/son/stm32/libopencm3/lib/libopencm3_stm32f1.a(assert.o)
 .debug_line    0x0000000000000000      0x161 /home/son/stm32/libopencm3/lib/libopencm3_stm32f1.a(assert.o)
 .debug_str     0x0000000000000000     0x3554 /home/son/stm32/libopencm3/lib/libopencm3_stm32f1.a(assert.o)
 .comment       0x0000000000000000       0x39 /home/son/stm32/libopencm3/lib/libopencm3_stm32f1.a(assert.o)
 .debug_frame   0x0000000000000000       0x38 /home/son/stm32/libopencm3/lib/libopencm3_stm32f1.a(assert.o)
 .ARM.attributes
                0x0000000000000000       0x33 /home/son/stm32/libopencm3/lib/libopencm3_stm32f1.a(assert.o)
 .group         0x0000000000000000        0x8 /home/son/stm32/libopencm3/lib/libopencm3_stm32f1.a(flash.o)
 .group         0x0000000000000000        0x8 /home/son/stm32/libopencm3/lib/libopencm3_stm32f1.a(flash.o)
 .group         0x0000000000000000        0x8 /home/son/stm32/libopencm3/lib/libopencm3_stm32f1.a(flash.o)
 .group         0x0000000000000000        0x8 /home/son/stm32/libopencm3/lib/libopencm3_stm32f1.a(flash.o)
 .group         0x0000000000000000        0x8 /home/son/stm32/libopencm3/lib/libopencm3_stm32f1.a(flash.o)
 .group         0x0000000000000000        0x8 /home/son/stm32/libopencm3/lib/libopencm3_stm32f1.a(flash.o)
 .group         0x0000000000000000        0x8 /home/son/stm32/libopencm3/lib/libopencm3_stm32f1.a(flash.o)
 .group         0x0000000000000000        0x8 /home/son/stm32/libopencm3/lib/libopencm3_stm32f1.a(flash.o)
 .group         0x0000000000000000        0x8 /home/son/stm32/libopencm3/lib/libopencm3_stm32f1.a(flash.o)
 .group         0x0000000000000000        0x8 /home/son/stm32/libopencm3/lib/libopencm3_stm32f1.a(flash.o)
 .group         0x0000000000000000        0x8 /home/son/stm32/libopencm3/lib/libopencm3_stm32f1.a(flash.o)
 .group         0x0000000000000000        0x8 /home/son/stm32/libopencm3/lib/libopencm3_stm32f1.a(flash.o)
 .text          0x0000000000000000        0x0 /home/son/stm32/libopencm3/lib/libopencm3_stm32f1.a(flash.o)
 .data          0x0000000000000000        0x0 /home/son/stm32/libopencm3/lib/libopencm3_stm32f1.a(flash.o)
 .bss           0x0000000000000000        0x0 /home/son/stm32/libopencm3/lib/libopencm3_stm32f1.a(flash.o)
 .text.flash_halfcycle_enable
                0x0000000000000000       0x10 /home/son/stm32/libopencm3/lib/libopencm3_stm32f1.a(flash.o)
 .text.flash_halfcycle_disable
                0x0000000000000000       0x10 /home/son/stm32/libopencm3/lib/libopencm3_stm32f1.a(flash.o)
 .text.flash_unlock_upper
                0x0000000000000000       0x34 /home/son/stm32/libopencm3/lib/libopencm3_stm32f1.a(flash.o)
 .text.flash_lock_upper
                0x0000000000000000       0x10 /home/son/stm32/libopencm3/lib/libopencm3_stm32f1.a(flash.o)
 .text.flash_clear_pgerr_flag_upper
                0x0000000000000000       0x20 /home/son/stm32/libopencm3/lib/libopencm3_stm32f1.a(flash.o)
 .text.flash_clear_eop_flag_upper
                0x0000000000000000       0x20 /home/son/stm32/libopencm3/lib/libopencm3_stm32f1.a(flash.o)
 .text.flash_clear_wrprterr_flag_upper
                0x0000000000000000       0x20 /home/son/stm32/libopencm3/lib/libopencm3_stm32f1.a(flash.o)
 .text.flash_clear_bsy_flag_upper
                0x0000000000000000       0x20 /home/son/stm32/libopencm3/lib/libopencm3_stm32f1.a(flash.o)
 .text.flash_clear_status_flags
                0x0000000000000000       0x38 /home/son/stm32/libopencm3/lib/libopencm3_stm32f1.a(flash.o)
 .text.flash_get_status_flags
                0x0000000000000000       0x28 /home/son/stm32/libopencm3/lib/libopencm3_stm32f1.a(flash.o)
 .text.flash_program_half_word
                0x0000000000000000       0x64 /home/son/stm32/libopencm3/lib/libopencm3_stm32f1.a(flash.o)
 .text.flash_erase_page
                0x0000000000000000       0x7c /home/son/stm32/libopencm3/lib/libopencm3_stm32f1.a(flash.o)
 .text.flash_erase_all_pages
                0x0000000000000000       0x48 /home/son/stm32/libopencm3/lib/libopencm3_stm32f1.a(flash.o)
 .debug_info    0x0000000000000000      0x297 /home/son/stm32/libopencm3/lib/libopencm3_stm32f1.a(flash.o)
 .debug_abbrev  0x0000000000000000      0x11a /home/son/stm32/libopencm3/lib/libopencm3_stm32f1.a(flash.o)
 .debug_loc     0x0000000000000000       0x9c /home/son/stm32/libopencm3/lib/libopencm3_stm32f1.a(flash.o)
 .debug_aranges
                0x0000000000000000       0x80 /home/son/stm32/libopencm3/lib/libopencm3_stm32f1.a(flash.o)
 .debug_ranges  0x0000000000000000       0x70 /home/son/stm32/libopencm3/lib/libopencm3_stm32f1.a(flash.o)
 .debug_macro   0x0000000000000000       0xba /home/son/stm32/libopencm3/lib/libopencm3_stm32f1.a(flash.o)
 .debug_macro   0x0000000000000000      0x86e /home/son/stm32/libopencm3/lib/libopencm3_stm32f1.a(flash.o)
 .debug_macro   0x0000000000000000       0x22 /home/son/stm32/libopencm3/lib/libopencm3_stm32f1.a(flash.o)
 .debug_macro   0x0000000000000000       0x44 /home/son/stm32/libopencm3/lib/libopencm3_stm32f1.a(flash.o)
 .debug_macro   0x0000000000000000       0xe3 /home/son/stm32/libopencm3/lib/libopencm3_stm32f1.a(flash.o)
 .debug_macro   0x0000000000000000       0x22 /home/son/stm32/libopencm3/lib/libopencm3_stm32f1.a(flash.o)
 .debug_macro   0x0000000000000000      0x1df /home/son/stm32/libopencm3/lib/libopencm3_stm32f1.a(flash.o)
 .debug_macro   0x0000000000000000       0x22 /home/son/stm32/libopencm3/lib/libopencm3_stm32f1.a(flash.o)
 .debug_macro   0x0000000000000000       0xfa /home/son/stm32/libopencm3/lib/libopencm3_stm32f1.a(flash.o)
 .debug_macro   0x0000000000000000       0x58 /home/son/stm32/libopencm3/lib/libopencm3_stm32f1.a(flash.o)
 .debug_macro   0x0000000000000000      0x1b4 /home/son/stm32/libopencm3/lib/libopencm3_stm32f1.a(flash.o)
 .debug_macro   0x0000000000000000       0xdc /home/son/stm32/libopencm3/lib/libopencm3_stm32f1.a(flash.o)
 .debug_macro   0x0000000000000000       0x82 /home/son/stm32/libopencm3/lib/libopencm3_stm32f1.a(flash.o)
 .debug_line    0x0000000000000000      0x318 /home/son/stm32/libopencm3/lib/libopencm3_stm32f1.a(flash.o)
 .debug_str     0x0000000000000000     0x4aba /home/son/stm32/libopencm3/lib/libopencm3_stm32f1.a(flash.o)
 .comment       0x0000000000000000       0x39 /home/son/stm32/libopencm3/lib/libopencm3_stm32f1.a(flash.o)
 .debug_frame   0x0000000000000000      0x10c /home/son/stm32/libopencm3/lib/libopencm3_stm32f1.a(flash.o)
 .ARM.attributes
                0x0000000000000000       0x33 /home/son/stm32/libopencm3/lib/libopencm3_stm32f1.a(flash.o)

Memory Configuration

Name             Origin             Length             Attributes
rom              0x0000000008000000 0x0000000000010000 xr
ram              0x0000000020000000 0x0000000000005000 xrw
*default*        0x0000000000000000 0xffffffffffffffff

Linker script and memory map

LOAD uarthwfc.o
LOAD miniprintf.o
START GROUP
LOAD /opt/gcc-arm/bin/../lib/gcc/arm-none-eabi/8.2.1/../../../../arm-none-eabi/lib/thumb/v7-m/nofp/libc.a
LOAD /opt/gcc-arm/bin/../lib/gcc/arm-none-eabi/8.2.1/thumb/v7-m/nofp/libgcc.a
LOAD /opt/gcc-arm/bin/../lib/gcc/arm-none-eabi/8.2.1/../../../../arm-none-eabi/lib/thumb/v7-m/nofp/libnosys.a
END GROUP
LOAD /home/son/stm32//rtos/libwwg/libwwg.a
LOAD /home/son/stm32/libopencm3/lib/libopencm3_stm32f1.a
START GROUP
LOAD /opt/gcc-arm/bin/../lib/gcc/arm-none-eabi/8.2.1/thumb/v7-m/nofp/libgcc.a
LOAD /opt/gcc-arm/bin/../lib/gcc/arm-none-eabi/8.2.1/../../../../arm-none-eabi/lib/thumb/v7-m/nofp/libc.a
END GROUP
START GROUP
LOAD /opt/gcc-arm/bin/../lib/gcc/arm-none-eabi/8.2.1/thumb/v7-m/nofp/libgcc.a
LOAD /opt/gcc-arm/bin/../lib/gcc/arm-none-eabi/8.2.1/../../../../arm-none-eabi/lib/thumb/v7-m/nofp/libc.a
LOAD /opt/gcc-arm/bin/../lib/gcc/arm-none-eabi/8.2.1/../../../../arm-none-eabi/lib/thumb/v7-m/nofp/libnosys.a
END GROUP

.text           0x0000000008000000      0x964
 *(.vectors)
 .vectors       0x0000000008000000      0x150 /home/son/stm32/libopencm3/lib/libopencm3_stm32f1.a(vector.o)
                0x0000000008000000                vector_table
 *(.text*)
 .text.uart_putc
                0x0000000008000150        0xc uarthwfc.o
 .text.uart_printf
                0x000000000800015c       0x20 uarthwfc.o
 .text.startup.main
                0x000000000800017c      0x124 uarthwfc.o
                0x000000000800017c                main
 .text.mini_write
                0x00000000080002a0       0x16 miniprintf.o
 .text.mini_putc
                0x00000000080002b6       0x2a miniprintf.o
 .text.mini_pad.part.1
                0x00000000080002e0       0x22 miniprintf.o
 .text.internal_vprintf
                0x0000000008000302      0x182 miniprintf.o
 .text.mini_vprintf_cooked
                0x0000000008000484       0x30 miniprintf.o
                0x0000000008000484                mini_vprintf_cooked
 .text.strlen   0x00000000080004b4       0x5c /opt/gcc-arm/bin/../lib/gcc/arm-none-eabi/8.2.1/../../../../arm-none-eabi/lib/thumb/v7-m/nofp/libc.a(lib_a-strlen-stub.o)
                0x00000000080004b4                strlen
 .text.gpio_set_mode
                0x0000000008000510       0x64 /home/son/stm32/libopencm3/lib/libopencm3_stm32f1.a(gpio.o)
                0x0000000008000510                gpio_set_mode
 .text.rcc_osc_on.part.1
                0x0000000008000574       0x10 /home/son/stm32/libopencm3/lib/libopencm3_stm32f1.a(rcc.o)
 .text.rcc_is_osc_ready
                0x0000000008000584       0x5c /home/son/stm32/libopencm3/lib/libopencm3_stm32f1.a(rcc.o)
                0x0000000008000584                rcc_is_osc_ready
 .text.rcc_wait_for_osc_ready
                0x00000000080005e0       0x10 /home/son/stm32/libopencm3/lib/libopencm3_stm32f1.a(rcc.o)
                0x00000000080005e0                rcc_wait_for_osc_ready
 .text.rcc_osc_on
                0x00000000080005f0       0x54 /home/son/stm32/libopencm3/lib/libopencm3_stm32f1.a(rcc.o)
                0x00000000080005f0                rcc_osc_on
 .text.rcc_set_sysclk_source
                0x0000000008000644       0x14 /home/son/stm32/libopencm3/lib/libopencm3_stm32f1.a(rcc.o)
                0x0000000008000644                rcc_set_sysclk_source
 .text.rcc_set_pll_multiplication_factor
                0x0000000008000658       0x14 /home/son/stm32/libopencm3/lib/libopencm3_stm32f1.a(rcc.o)
                0x0000000008000658                rcc_set_pll_multiplication_factor
 .text.rcc_set_pll_source
                0x000000000800066c       0x14 /home/son/stm32/libopencm3/lib/libopencm3_stm32f1.a(rcc.o)
                0x000000000800066c                rcc_set_pll_source
 .text.rcc_set_pllxtpre
                0x0000000008000680       0x14 /home/son/stm32/libopencm3/lib/libopencm3_stm32f1.a(rcc.o)
                0x0000000008000680                rcc_set_pllxtpre
 .text.rcc_set_adcpre
                0x0000000008000694       0x14 /home/son/stm32/libopencm3/lib/libopencm3_stm32f1.a(rcc.o)
                0x0000000008000694                rcc_set_adcpre
 .text.rcc_set_ppre2
                0x00000000080006a8       0x14 /home/son/stm32/libopencm3/lib/libopencm3_stm32f1.a(rcc.o)
                0x00000000080006a8                rcc_set_ppre2
 .text.rcc_set_ppre1
                0x00000000080006bc       0x14 /home/son/stm32/libopencm3/lib/libopencm3_stm32f1.a(rcc.o)
                0x00000000080006bc                rcc_set_ppre1
 .text.rcc_set_hpre
                0x00000000080006d0       0x14 /home/son/stm32/libopencm3/lib/libopencm3_stm32f1.a(rcc.o)
                0x00000000080006d0                rcc_set_hpre
 .text.rcc_clock_setup_in_hse_8mhz_out_24mhz
                0x00000000080006e4       0x88 /home/son/stm32/libopencm3/lib/libopencm3_stm32f1.a(rcc.o)
                0x00000000080006e4                rcc_clock_setup_in_hse_8mhz_out_24mhz
 .text.gpio_toggle
                0x000000000800076c       0x10 /home/son/stm32/libopencm3/lib/libopencm3_stm32f1.a(gpio_common_all.o)
                0x000000000800076c                gpio_toggle
 .text.usart_set_baudrate
                0x000000000800077c       0x28 /home/son/stm32/libopencm3/lib/libopencm3_stm32f1.a(usart_common_all.o)
                0x000000000800077c                usart_set_baudrate
 .text.usart_set_databits
                0x00000000080007a4       0x12 /home/son/stm32/libopencm3/lib/libopencm3_stm32f1.a(usart_common_all.o)
                0x00000000080007a4                usart_set_databits
 .text.usart_set_stopbits
                0x00000000080007b6        0xc /home/son/stm32/libopencm3/lib/libopencm3_stm32f1.a(usart_common_all.o)
                0x00000000080007b6                usart_set_stopbits
 .text.usart_set_parity
                0x00000000080007c2        0xc /home/son/stm32/libopencm3/lib/libopencm3_stm32f1.a(usart_common_all.o)
                0x00000000080007c2                usart_set_parity
 .text.usart_set_mode
                0x00000000080007ce        0xc /home/son/stm32/libopencm3/lib/libopencm3_stm32f1.a(usart_common_all.o)
                0x00000000080007ce                usart_set_mode
 .text.usart_set_flow_control
                0x00000000080007da        0xc /home/son/stm32/libopencm3/lib/libopencm3_stm32f1.a(usart_common_all.o)
                0x00000000080007da                usart_set_flow_control
 .text.usart_enable
                0x00000000080007e6        0xa /home/son/stm32/libopencm3/lib/libopencm3_stm32f1.a(usart_common_all.o)
                0x00000000080007e6                usart_enable
 .text.usart_send_blocking
                0x00000000080007f0       0x16 /home/son/stm32/libopencm3/lib/libopencm3_stm32f1.a(usart_common_all.o)
                0x00000000080007f0                usart_send_blocking
 .text.usart_send
                0x0000000008000806        0x8 /home/son/stm32/libopencm3/lib/libopencm3_stm32f1.a(usart_common_f124.o)
                0x0000000008000806                usart_send
 .text.usart_wait_send_ready
                0x000000000800080e        0x8 /home/son/stm32/libopencm3/lib/libopencm3_stm32f1.a(usart_common_f124.o)
                0x000000000800080e                usart_wait_send_ready
 .text.rcc_periph_clock_enable
                0x0000000008000816       0x1a /home/son/stm32/libopencm3/lib/libopencm3_stm32f1.a(rcc_common_all.o)
                0x0000000008000816                rcc_periph_clock_enable
 .text.flash_set_ws
                0x0000000008000830       0x14 /home/son/stm32/libopencm3/lib/libopencm3_stm32f1.a(flash_common_f01.o)
                0x0000000008000830                flash_set_ws
 .text.blocking_handler
                0x0000000008000844        0x2 /home/son/stm32/libopencm3/lib/libopencm3_stm32f1.a(vector.o)
                0x0000000008000844                usart3_isr
                0x0000000008000844                rtc_isr
                0x0000000008000844                tim7_isr
                0x0000000008000844                adc1_2_isr
                0x0000000008000844                tim1_trg_com_isr
                0x0000000008000844                usb_hp_can_tx_isr
                0x0000000008000844                tim6_isr
                0x0000000008000844                usb_wakeup_isr
                0x0000000008000844                blocking_handler
                0x0000000008000844                tim5_isr
                0x0000000008000844                otg_fs_isr
                0x0000000008000844                spi1_isr
                0x0000000008000844                dma1_channel6_isr
                0x0000000008000844                exti2_isr
                0x0000000008000844                can_rx1_isr
                0x0000000008000844                dma1_channel5_isr
                0x0000000008000844                dma2_channel5_isr
                0x0000000008000844                usart1_isr
                0x0000000008000844                usage_fault_handler
                0x0000000008000844                tim8_trg_com_isr
                0x0000000008000844                can2_rx0_isr
                0x0000000008000844                tim1_brk_isr
                0x0000000008000844                can2_rx1_isr
                0x0000000008000844                tim1_cc_isr
                0x0000000008000844                sdio_isr
                0x0000000008000844                eth_isr
                0x0000000008000844                dma1_channel4_isr
                0x0000000008000844                tim8_brk_isr
                0x0000000008000844                dma2_channel4_5_isr
                0x0000000008000844                pvd_isr
                0x0000000008000844                rcc_isr
                0x0000000008000844                flash_isr
                0x0000000008000844                uart4_isr
                0x0000000008000844                rtc_alarm_isr
                0x0000000008000844                exti15_10_isr
                0x0000000008000844                hard_fault_handler
                0x0000000008000844                exti1_isr
                0x0000000008000844                i2c1_ev_isr
                0x0000000008000844                dma2_channel1_isr
                0x0000000008000844                spi2_isr
                0x0000000008000844                tim8_up_isr
                0x0000000008000844                dma2_channel2_isr
                0x0000000008000844                adc3_isr
                0x0000000008000844                exti3_isr
                0x0000000008000844                tim3_isr
                0x0000000008000844                usart2_isr
                0x0000000008000844                usb_lp_can_rx0_isr
                0x0000000008000844                i2c2_er_isr
                0x0000000008000844                i2c2_ev_isr
                0x0000000008000844                uart5_isr
                0x0000000008000844                fsmc_isr
                0x0000000008000844                dma1_channel1_isr
                0x0000000008000844                exti4_isr
                0x0000000008000844                mem_manage_handler
                0x0000000008000844                can2_tx_isr
                0x0000000008000844                exti9_5_isr
                0x0000000008000844                dma2_channel3_isr
                0x0000000008000844                dma1_channel7_isr
                0x0000000008000844                tim1_up_isr
                0x0000000008000844                can2_sce_isr
                0x0000000008000844                tim4_isr
                0x0000000008000844                dma1_channel2_isr
                0x0000000008000844                i2c1_er_isr
                0x0000000008000844                can_sce_isr
                0x0000000008000844                tim8_cc_isr
                0x0000000008000844                tamper_isr
                0x0000000008000844                eth_wkup_isr
                0x0000000008000844                bus_fault_handler
                0x0000000008000844                wwdg_isr
                0x0000000008000844                dma1_channel3_isr
                0x0000000008000844                spi3_isr
                0x0000000008000844                tim2_isr
                0x0000000008000844                exti0_isr
 .text.null_handler
                0x0000000008000846        0x2 /home/son/stm32/libopencm3/lib/libopencm3_stm32f1.a(vector.o)
                0x0000000008000846                null_handler
                0x0000000008000846                sv_call_handler
                0x0000000008000846                pend_sv_handler
                0x0000000008000846                debug_monitor_handler
                0x0000000008000846                sys_tick_handler
                0x0000000008000846                nmi_handler
 .text.reset_handler
                0x0000000008000848       0x90 /home/son/stm32/libopencm3/lib/libopencm3_stm32f1.a(vector.o)
                0x0000000008000848                reset_handler
                0x00000000080008d8                . = ALIGN (0x4)
 *(.rodata*)
 .rodata.main.str1.1
                0x00000000080008d8       0x8b uarthwfc.o
                0x0000000008000964                . = ALIGN (0x4)
 *fill*         0x0000000008000963        0x1 

.glue_7         0x0000000008000964        0x0
 .glue_7        0x0000000008000964        0x0 linker stubs

.glue_7t        0x0000000008000964        0x0
 .glue_7t       0x0000000008000964        0x0 linker stubs

.vfp11_veneer   0x0000000008000964        0x0
 .vfp11_veneer  0x0000000008000964        0x0 linker stubs

.v4_bx          0x0000000008000964        0x0
 .v4_bx         0x0000000008000964        0x0 linker stubs

.iplt           0x0000000008000964        0x0
 .iplt          0x0000000008000964        0x0 uarthwfc.o

.rel.dyn        0x0000000008000964        0x0
 .rel.iplt      0x0000000008000964        0x0 uarthwfc.o

.preinit_array  0x0000000008000964        0x0
                0x0000000008000964                . = ALIGN (0x4)
                0x0000000008000964                __preinit_array_start = .
 *(.preinit_array)
                0x0000000008000964                __preinit_array_end = .

.init_array     0x0000000008000964        0x0
                0x0000000008000964                . = ALIGN (0x4)
                0x0000000008000964                __init_array_start = .
 *(SORT_BY_NAME(.init_array.*))
 *(.init_array)
                0x0000000008000964                __init_array_end = .

.fini_array     0x0000000008000964        0x0
                0x0000000008000964                . = ALIGN (0x4)
                0x0000000008000964                __fini_array_start = .
 *(.fini_array)
 *(SORT_BY_NAME(.fini_array.*))
                0x0000000008000964                __fini_array_end = .

.ARM.extab
 *(.ARM.extab*)

.ARM.exidx      0x0000000008000964        0x0
                0x0000000008000964                __exidx_start = .
 *(.ARM.exidx*)
                0x0000000008000964                __exidx_end = .
                0x0000000008000964                . = ALIGN (0x4)
                0x0000000008000964                _etext = .

.data           0x0000000020000000        0xc load address 0x0000000008000964
                0x0000000020000000                _data = .
 *(.data*)
 .data.rcc_ahb_frequency
                0x0000000020000000        0x4 /home/son/stm32/libopencm3/lib/libopencm3_stm32f1.a(rcc.o)
                0x0000000020000000                rcc_ahb_frequency
 .data.rcc_apb1_frequency
                0x0000000020000004        0x4 /home/son/stm32/libopencm3/lib/libopencm3_stm32f1.a(rcc.o)
                0x0000000020000004                rcc_apb1_frequency
 .data.rcc_apb2_frequency
                0x0000000020000008        0x4 /home/son/stm32/libopencm3/lib/libopencm3_stm32f1.a(rcc.o)
                0x0000000020000008                rcc_apb2_frequency
                0x000000002000000c                . = ALIGN (0x4)
                0x000000002000000c                _edata = .
                0x0000000008000964                _data_loadaddr = LOADADDR (.data)

.igot.plt       0x000000002000000c        0x0 load address 0x0000000008000970
 .igot.plt      0x000000002000000c        0x0 uarthwfc.o

.bss            0x000000002000000c        0x0 load address 0x0000000008000970
 *(.bss*)
 *(COMMON)
                0x000000002000000c                . = ALIGN (0x4)
                0x000000002000000c                _ebss = .

/DISCARD/
 *(.eh_frame)
                0x000000002000000c                . = ALIGN (0x4)
                0x000000002000000c                end = .
                0x0000000020005000                PROVIDE (_stack = (ORIGIN (ram) + LENGTH (ram)))
OUTPUT(uarthwfc.elf elf32-littlearm)

.debug_info     0x0000000000000000     0x3edf
 .debug_info    0x0000000000000000      0x6fc uarthwfc.o
 .debug_info    0x00000000000006fc     0x11bb miniprintf.o
 .debug_info    0x00000000000018b7      0x1df /home/son/stm32/libopencm3/lib/libopencm3_stm32f1.a(gpio.o)
 .debug_info    0x0000000000001a96     0x10fd /home/son/stm32/libopencm3/lib/libopencm3_stm32f1.a(rcc.o)
 .debug_info    0x0000000000002b93      0x22c /home/son/stm32/libopencm3/lib/libopencm3_stm32f1.a(gpio_common_all.o)
 .debug_info    0x0000000000002dbf      0x4cf /home/son/stm32/libopencm3/lib/libopencm3_stm32f1.a(usart_common_all.o)
 .debug_info    0x000000000000328e      0x17a /home/son/stm32/libopencm3/lib/libopencm3_stm32f1.a(usart_common_f124.o)
 .debug_info    0x0000000000003408      0x5b8 /home/son/stm32/libopencm3/lib/libopencm3_stm32f1.a(rcc_common_all.o)
 .debug_info    0x00000000000039c0      0x27f /home/son/stm32/libopencm3/lib/libopencm3_stm32f1.a(flash_common_f01.o)
 .debug_info    0x0000000000003c3f      0x2a0 /home/son/stm32/libopencm3/lib/libopencm3_stm32f1.a(vector.o)

.debug_abbrev   0x0000000000000000      0xef7
 .debug_abbrev  0x0000000000000000      0x22b uarthwfc.o
 .debug_abbrev  0x000000000000022b      0x3dd miniprintf.o
 .debug_abbrev  0x0000000000000608       0xb7 /home/son/stm32/libopencm3/lib/libopencm3_stm32f1.a(gpio.o)
 .debug_abbrev  0x00000000000006bf      0x291 /home/son/stm32/libopencm3/lib/libopencm3_stm32f1.a(rcc.o)
 .debug_abbrev  0x0000000000000950      0x10e /home/son/stm32/libopencm3/lib/libopencm3_stm32f1.a(gpio_common_all.o)
 .debug_abbrev  0x0000000000000a5e      0x12b /home/son/stm32/libopencm3/lib/libopencm3_stm32f1.a(usart_common_all.o)
 .debug_abbrev  0x0000000000000b89       0x8e /home/son/stm32/libopencm3/lib/libopencm3_stm32f1.a(usart_common_f124.o)
 .debug_abbrev  0x0000000000000c17       0xc1 /home/son/stm32/libopencm3/lib/libopencm3_stm32f1.a(rcc_common_all.o)
 .debug_abbrev  0x0000000000000cd8       0xe7 /home/son/stm32/libopencm3/lib/libopencm3_stm32f1.a(flash_common_f01.o)
 .debug_abbrev  0x0000000000000dbf      0x138 /home/son/stm32/libopencm3/lib/libopencm3_stm32f1.a(vector.o)

.debug_loc      0x0000000000000000     0x1565
 .debug_loc     0x0000000000000000      0x16d uarthwfc.o
 .debug_loc     0x000000000000016d      0x8ed miniprintf.o
 .debug_loc     0x0000000000000a5a      0x19f /home/son/stm32/libopencm3/lib/libopencm3_stm32f1.a(gpio.o)
 .debug_loc     0x0000000000000bf9      0x3f2 /home/son/stm32/libopencm3/lib/libopencm3_stm32f1.a(rcc.o)
 .debug_loc     0x0000000000000feb       0x84 /home/son/stm32/libopencm3/lib/libopencm3_stm32f1.a(gpio_common_all.o)
 .debug_loc     0x000000000000106f      0x1ca /home/son/stm32/libopencm3/lib/libopencm3_stm32f1.a(usart_common_all.o)
 .debug_loc     0x0000000000001239       0x63 /home/son/stm32/libopencm3/lib/libopencm3_stm32f1.a(usart_common_f124.o)
 .debug_loc     0x000000000000129c      0x14a /home/son/stm32/libopencm3/lib/libopencm3_stm32f1.a(rcc_common_all.o)
 .debug_loc     0x00000000000013e6       0xd3 /home/son/stm32/libopencm3/lib/libopencm3_stm32f1.a(flash_common_f01.o)
 .debug_loc     0x00000000000014b9       0xac /home/son/stm32/libopencm3/lib/libopencm3_stm32f1.a(vector.o)

.debug_aranges  0x0000000000000000      0x490
 .debug_aranges
                0x0000000000000000       0x30 uarthwfc.o
 .debug_aranges
                0x0000000000000030       0x58 miniprintf.o
 .debug_aranges
                0x0000000000000088       0x38 /home/son/stm32/libopencm3/lib/libopencm3_stm32f1.a(gpio.o)
 .debug_aranges
                0x00000000000000c0      0x158 /home/son/stm32/libopencm3/lib/libopencm3_stm32f1.a(rcc.o)
 .debug_aranges
                0x0000000000000218       0x50 /home/son/stm32/libopencm3/lib/libopencm3_stm32f1.a(gpio_common_all.o)
 .debug_aranges
                0x0000000000000268       0xb8 /home/son/stm32/libopencm3/lib/libopencm3_stm32f1.a(usart_common_all.o)
 .debug_aranges
                0x0000000000000320       0x40 /home/son/stm32/libopencm3/lib/libopencm3_stm32f1.a(usart_common_f124.o)
 .debug_aranges
                0x0000000000000360       0x78 /home/son/stm32/libopencm3/lib/libopencm3_stm32f1.a(rcc_common_all.o)
 .debug_aranges
                0x00000000000003d8       0x88 /home/son/stm32/libopencm3/lib/libopencm3_stm32f1.a(flash_common_f01.o)
 .debug_aranges
                0x0000000000000460       0x30 /home/son/stm32/libopencm3/lib/libopencm3_stm32f1.a(vector.o)

.debug_ranges   0x0000000000000000      0x4b0
 .debug_ranges  0x0000000000000000       0x50 uarthwfc.o
 .debug_ranges  0x0000000000000050       0x78 miniprintf.o
 .debug_ranges  0x00000000000000c8       0x28 /home/son/stm32/libopencm3/lib/libopencm3_stm32f1.a(gpio.o)
 .debug_ranges  0x00000000000000f0      0x1a8 /home/son/stm32/libopencm3/lib/libopencm3_stm32f1.a(rcc.o)
 .debug_ranges  0x0000000000000298       0x40 /home/son/stm32/libopencm3/lib/libopencm3_stm32f1.a(gpio_common_all.o)
 .debug_ranges  0x00000000000002d8       0xa8 /home/son/stm32/libopencm3/lib/libopencm3_stm32f1.a(usart_common_all.o)
 .debug_ranges  0x0000000000000380       0x30 /home/son/stm32/libopencm3/lib/libopencm3_stm32f1.a(usart_common_f124.o)
 .debug_ranges  0x00000000000003b0       0x68 /home/son/stm32/libopencm3/lib/libopencm3_stm32f1.a(rcc_common_all.o)
 .debug_ranges  0x0000000000000418       0x78 /home/son/stm32/libopencm3/lib/libopencm3_stm32f1.a(flash_common_f01.o)
 .debug_ranges  0x0000000000000490       0x20 /home/son/stm32/libopencm3/lib/libopencm3_stm32f1.a(vector.o)

.debug_line     0x0000000000000000     0x20f4
 .debug_line    0x0000000000000000      0x2c6 uarthwfc.o
 .debug_line    0x00000000000002c6      0x4dd miniprintf.o
 .debug_line    0x00000000000007a3      0x247 /home/son/stm32/libopencm3/lib/libopencm3_stm32f1.a(gpio.o)
 .debug_line    0x00000000000009ea      0x5d4 /home/son/stm32/libopencm3/lib/libopencm3_stm32f1.a(rcc.o)
 .debug_line    0x0000000000000fbe      0x280 /home/son/stm32/libopencm3/lib/libopencm3_stm32f1.a(gpio_common_all.o)
 .debug_line    0x000000000000123e      0x3ae /home/son/stm32/libopencm3/lib/libopencm3_stm32f1.a(usart_common_all.o)
 .debug_line    0x00000000000015ec      0x2a1 /home/son/stm32/libopencm3/lib/libopencm3_stm32f1.a(usart_common_f124.o)
 .debug_line    0x000000000000188d      0x2cb /home/son/stm32/libopencm3/lib/libopencm3_stm32f1.a(rcc_common_all.o)
 .debug_line    0x0000000000001b58      0x30b /home/son/stm32/libopencm3/lib/libopencm3_stm32f1.a(flash_common_f01.o)
 .debug_line    0x0000000000001e63      0x291 /home/son/stm32/libopencm3/lib/libopencm3_stm32f1.a(vector.o)

.debug_str      0x0000000000000000     0xecf8
 .debug_str     0x0000000000000000      0x4c8 uarthwfc.o
                                        0x572 (size before relaxing)
 .debug_str     0x00000000000004c8      0x49d miniprintf.o
                                        0x697 (size before relaxing)
 .debug_str     0x0000000000000965     0x77ec /home/son/stm32/libopencm3/lib/libopencm3_stm32f1.a(gpio.o)
                                       0x7986 (size before relaxing)
 .debug_str     0x0000000000008151     0x304f /home/son/stm32/libopencm3/lib/libopencm3_stm32f1.a(rcc.o)
                                       0x7224 (size before relaxing)
 .debug_str     0x000000000000b1a0       0x6e /home/son/stm32/libopencm3/lib/libopencm3_stm32f1.a(gpio_common_all.o)
                                       0x797a (size before relaxing)
 .debug_str     0x000000000000b20e     0x10ec /home/son/stm32/libopencm3/lib/libopencm3_stm32f1.a(usart_common_all.o)
                                       0x7754 (size before relaxing)
 .debug_str     0x000000000000c2fa       0x2d /home/son/stm32/libopencm3/lib/libopencm3_stm32f1.a(usart_common_f124.o)
                                       0x7568 (size before relaxing)
 .debug_str     0x000000000000c327      0x35b /home/son/stm32/libopencm3/lib/libopencm3_stm32f1.a(rcc_common_all.o)
                                       0x6b6f (size before relaxing)
 .debug_str     0x000000000000c682      0x181 /home/son/stm32/libopencm3/lib/libopencm3_stm32f1.a(flash_common_f01.o)
                                       0x4a2d (size before relaxing)
 .debug_str     0x000000000000c803     0x24f5 /home/son/stm32/libopencm3/lib/libopencm3_stm32f1.a(vector.o)
                                       0x5ad7 (size before relaxing)

.comment        0x0000000000000000       0xad
 .comment       0x0000000000000000       0x75 uarthwfc.o
                                         0x76 (size before relaxing)
 .comment       0x0000000000000075       0x76 miniprintf.o
 .comment       0x0000000000000075       0x38 /home/son/stm32/libopencm3/lib/libopencm3_stm32f1.a(gpio.o)
                                         0x39 (size before relaxing)
 .comment       0x00000000000000ad       0x39 /home/son/stm32/libopencm3/lib/libopencm3_stm32f1.a(rcc.o)
 .comment       0x00000000000000ad       0x39 /home/son/stm32/libopencm3/lib/libopencm3_stm32f1.a(gpio_common_all.o)
 .comment       0x00000000000000ad       0x39 /home/son/stm32/libopencm3/lib/libopencm3_stm32f1.a(usart_common_all.o)
 .comment       0x00000000000000ad       0x39 /home/son/stm32/libopencm3/lib/libopencm3_stm32f1.a(usart_common_f124.o)
 .comment       0x00000000000000ad       0x39 /home/son/stm32/libopencm3/lib/libopencm3_stm32f1.a(rcc_common_all.o)
 .comment       0x00000000000000ad       0x39 /home/son/stm32/libopencm3/lib/libopencm3_stm32f1.a(flash_common_f01.o)
 .comment       0x00000000000000ad       0x39 /home/son/stm32/libopencm3/lib/libopencm3_stm32f1.a(vector.o)

.ARM.attributes
                0x0000000000000000       0x2d
 .ARM.attributes
                0x0000000000000000       0x2d uarthwfc.o
 .ARM.attributes
                0x000000000000002d       0x2d miniprintf.o
 .ARM.attributes
                0x000000000000005a       0x2d /opt/gcc-arm/bin/../lib/gcc/arm-none-eabi/8.2.1/../../../../arm-none-eabi/lib/thumb/v7-m/nofp/libc.a(lib_a-strlen-stub.o)
 .ARM.attributes
                0x0000000000000087       0x33 /home/son/stm32/libopencm3/lib/libopencm3_stm32f1.a(gpio.o)
 .ARM.attributes
                0x00000000000000ba       0x33 /home/son/stm32/libopencm3/lib/libopencm3_stm32f1.a(rcc.o)
 .ARM.attributes
                0x00000000000000ed       0x33 /home/son/stm32/libopencm3/lib/libopencm3_stm32f1.a(gpio_common_all.o)
 .ARM.attributes
                0x0000000000000120       0x33 /home/son/stm32/libopencm3/lib/libopencm3_stm32f1.a(usart_common_all.o)
 .ARM.attributes
                0x0000000000000153       0x33 /home/son/stm32/libopencm3/lib/libopencm3_stm32f1.a(usart_common_f124.o)
 .ARM.attributes
                0x0000000000000186       0x33 /home/son/stm32/libopencm3/lib/libopencm3_stm32f1.a(rcc_common_all.o)
 .ARM.attributes
                0x00000000000001b9       0x33 /home/son/stm32/libopencm3/lib/libopencm3_stm32f1.a(flash_common_f01.o)
 .ARM.attributes
                0x00000000000001ec       0x33 /home/son/stm32/libopencm3/lib/libopencm3_stm32f1.a(vector.o)

.debug_frame    0x0000000000000000      0x964
 .debug_frame   0x0000000000000000       0x74 uarthwfc.o
 .debug_frame   0x0000000000000074      0x110 miniprintf.o
 .debug_frame   0x0000000000000184       0x20 /opt/gcc-arm/bin/../lib/gcc/arm-none-eabi/8.2.1/../../../../arm-none-eabi/lib/thumb/v7-m/nofp/libc.a(lib_a-strlen-stub.o)
 .debug_frame   0x00000000000001a4       0x60 /home/son/stm32/libopencm3/lib/libopencm3_stm32f1.a(gpio.o)
 .debug_frame   0x0000000000000204      0x2e0 /home/son/stm32/libopencm3/lib/libopencm3_stm32f1.a(rcc.o)
 .debug_frame   0x00000000000004e4       0x80 /home/son/stm32/libopencm3/lib/libopencm3_stm32f1.a(gpio_common_all.o)
 .debug_frame   0x0000000000000564      0x170 /home/son/stm32/libopencm3/lib/libopencm3_stm32f1.a(usart_common_all.o)
 .debug_frame   0x00000000000006d4       0x60 /home/son/stm32/libopencm3/lib/libopencm3_stm32f1.a(usart_common_f124.o)
 .debug_frame   0x0000000000000734       0xd0 /home/son/stm32/libopencm3/lib/libopencm3_stm32f1.a(rcc_common_all.o)
 .debug_frame   0x0000000000000804      0x120 /home/son/stm32/libopencm3/lib/libopencm3_stm32f1.a(flash_common_f01.o)
 .debug_frame   0x0000000000000924       0x40 /home/son/stm32/libopencm3/lib/libopencm3_stm32f1.a(vector.o)

.debug_macro    0x0000000000000000     0x35ba
 .debug_macro   0x0000000000000000       0xaa /home/son/stm32/libopencm3/lib/libopencm3_stm32f1.a(gpio.o)
 .debug_macro   0x00000000000000aa      0x86e /home/son/stm32/libopencm3/lib/libopencm3_stm32f1.a(gpio.o)
 .debug_macro   0x0000000000000918       0x22 /home/son/stm32/libopencm3/lib/libopencm3_stm32f1.a(gpio.o)
 .debug_macro   0x000000000000093a       0x44 /home/son/stm32/libopencm3/lib/libopencm3_stm32f1.a(gpio.o)
 .debug_macro   0x000000000000097e       0xe3 /home/son/stm32/libopencm3/lib/libopencm3_stm32f1.a(gpio.o)
 .debug_macro   0x0000000000000a61       0x22 /home/son/stm32/libopencm3/lib/libopencm3_stm32f1.a(gpio.o)
 .debug_macro   0x0000000000000a83      0x1df /home/son/stm32/libopencm3/lib/libopencm3_stm32f1.a(gpio.o)
 .debug_macro   0x0000000000000c62       0x22 /home/son/stm32/libopencm3/lib/libopencm3_stm32f1.a(gpio.o)
 .debug_macro   0x0000000000000c84       0xfa /home/son/stm32/libopencm3/lib/libopencm3_stm32f1.a(gpio.o)
 .debug_macro   0x0000000000000d7e       0x58 /home/son/stm32/libopencm3/lib/libopencm3_stm32f1.a(gpio.o)
 .debug_macro   0x0000000000000dd6      0x1b4 /home/son/stm32/libopencm3/lib/libopencm3_stm32f1.a(gpio.o)
 .debug_macro   0x0000000000000f8a       0x76 /home/son/stm32/libopencm3/lib/libopencm3_stm32f1.a(gpio.o)
 .debug_macro   0x0000000000001000      0xdfd /home/son/stm32/libopencm3/lib/libopencm3_stm32f1.a(gpio.o)
 .debug_macro   0x0000000000001dfd       0xd1 /home/son/stm32/libopencm3/lib/libopencm3_stm32f1.a(rcc.o)
 .debug_macro   0x0000000000001ece       0x16 /home/son/stm32/libopencm3/lib/libopencm3_stm32f1.a(rcc.o)
 .debug_macro   0x0000000000001ee4      0x82c /home/son/stm32/libopencm3/lib/libopencm3_stm32f1.a(rcc.o)
 .debug_macro   0x0000000000002710       0xdc /home/son/stm32/libopencm3/lib/libopencm3_stm32f1.a(rcc.o)
 .debug_macro   0x00000000000027ec       0x82 /home/son/stm32/libopencm3/lib/libopencm3_stm32f1.a(rcc.o)
 .debug_macro   0x000000000000286e       0xaa /home/son/stm32/libopencm3/lib/libopencm3_stm32f1.a(gpio_common_all.o)
 .debug_macro   0x0000000000002918       0xcc /home/son/stm32/libopencm3/lib/libopencm3_stm32f1.a(usart_common_all.o)
 .debug_macro   0x00000000000029e4       0x94 /home/son/stm32/libopencm3/lib/libopencm3_stm32f1.a(usart_common_all.o)
 .debug_macro   0x0000000000002a78      0x29e /home/son/stm32/libopencm3/lib/libopencm3_stm32f1.a(usart_common_all.o)
 .debug_macro   0x0000000000002d16       0xcc /home/son/stm32/libopencm3/lib/libopencm3_stm32f1.a(usart_common_f124.o)
 .debug_macro   0x0000000000002de2       0xc0 /home/son/stm32/libopencm3/lib/libopencm3_stm32f1.a(rcc_common_all.o)
 .debug_macro   0x0000000000002ea2       0xaa /home/son/stm32/libopencm3/lib/libopencm3_stm32f1.a(flash_common_f01.o)
 .debug_macro   0x0000000000002f4c       0xc1 /home/son/stm32/libopencm3/lib/libopencm3_stm32f1.a(vector.o)
 .debug_macro   0x000000000000300d      0x3a1 /home/son/stm32/libopencm3/lib/libopencm3_stm32f1.a(vector.o)
 .debug_macro   0x00000000000033ae       0x6a /home/son/stm32/libopencm3/lib/libopencm3_stm32f1.a(vector.o)
 .debug_macro   0x0000000000003418      0x1a2 /home/son/stm32/libopencm3/lib/libopencm3_stm32f1.a(vector.o)
