Archive member included to satisfy reference by file (symbol)

/home/son/stm32/libopencm3/lib/libopencm3_stm32f1.a(gpio.o)
                              miniblink.o (gpio_set_mode)
/home/son/stm32/libopencm3/lib/libopencm3_stm32f1.a(gpio_common_all.o)
                              miniblink.o (gpio_set)
/home/son/stm32/libopencm3/lib/libopencm3_stm32f1.a(rcc_common_all.o)
                              miniblink.o (rcc_periph_clock_enable)
/home/son/stm32/libopencm3/lib/libopencm3_stm32f1.a(vector.o)
                              (reset_handler)

Discarded input sections

 .text          0x0000000000000000        0x0 miniblink.o
 .data          0x0000000000000000        0x0 miniblink.o
 .bss           0x0000000000000000        0x0 miniblink.o
 .group         0x0000000000000000        0x8 /home/son/stm32/libopencm3/lib/libopencm3_stm32f1.a(gpio.o)
 .group         0x0000000000000000        0x8 /home/son/stm32/libopencm3/lib/libopencm3_stm32f1.a(gpio.o)
 .group         0x0000000000000000        0x8 /home/son/stm32/libopencm3/lib/libopencm3_stm32f1.a(gpio.o)
 .group         0x0000000000000000        0x8 /home/son/stm32/libopencm3/lib/libopencm3_stm32f1.a(gpio.o)
 .group         0x0000000000000000        0x8 /home/son/stm32/libopencm3/lib/libopencm3_stm32f1.a(gpio.o)
 .group         0x0000000000000000        0x8 /home/son/stm32/libopencm3/lib/libopencm3_stm32f1.a(gpio.o)
 .group         0x0000000000000000        0x8 /home/son/stm32/libopencm3/lib/libopencm3_stm32f1.a(gpio.o)
 .group         0x0000000000000000        0x8 /home/son/stm32/libopencm3/lib/libopencm3_stm32f1.a(gpio.o)
 .group         0x0000000000000000        0x8 /home/son/stm32/libopencm3/lib/libopencm3_stm32f1.a(gpio.o)
 .group         0x0000000000000000        0x8 /home/son/stm32/libopencm3/lib/libopencm3_stm32f1.a(gpio.o)
 .group         0x0000000000000000        0x8 /home/son/stm32/libopencm3/lib/libopencm3_stm32f1.a(gpio.o)
 .group         0x0000000000000000        0x8 /home/son/stm32/libopencm3/lib/libopencm3_stm32f1.a(gpio.o)
 .text          0x0000000000000000        0x0 /home/son/stm32/libopencm3/lib/libopencm3_stm32f1.a(gpio.o)
 .data          0x0000000000000000        0x0 /home/son/stm32/libopencm3/lib/libopencm3_stm32f1.a(gpio.o)
 .bss           0x0000000000000000        0x0 /home/son/stm32/libopencm3/lib/libopencm3_stm32f1.a(gpio.o)
 .text.gpio_set_eventout
                0x0000000000000000       0x10 /home/son/stm32/libopencm3/lib/libopencm3_stm32f1.a(gpio.o)
 .text.gpio_primary_remap
                0x0000000000000000       0x14 /home/son/stm32/libopencm3/lib/libopencm3_stm32f1.a(gpio.o)
 .text.gpio_secondary_remap
                0x0000000000000000       0x10 /home/son/stm32/libopencm3/lib/libopencm3_stm32f1.a(gpio.o)
 .group         0x0000000000000000        0x8 /home/son/stm32/libopencm3/lib/libopencm3_stm32f1.a(gpio_common_all.o)
 .group         0x0000000000000000        0x8 /home/son/stm32/libopencm3/lib/libopencm3_stm32f1.a(gpio_common_all.o)
 .group         0x0000000000000000        0x8 /home/son/stm32/libopencm3/lib/libopencm3_stm32f1.a(gpio_common_all.o)
 .group         0x0000000000000000        0x8 /home/son/stm32/libopencm3/lib/libopencm3_stm32f1.a(gpio_common_all.o)
 .group         0x0000000000000000        0x8 /home/son/stm32/libopencm3/lib/libopencm3_stm32f1.a(gpio_common_all.o)
 .group         0x0000000000000000        0x8 /home/son/stm32/libopencm3/lib/libopencm3_stm32f1.a(gpio_common_all.o)
 .group         0x0000000000000000        0x8 /home/son/stm32/libopencm3/lib/libopencm3_stm32f1.a(gpio_common_all.o)
 .group         0x0000000000000000        0x8 /home/son/stm32/libopencm3/lib/libopencm3_stm32f1.a(gpio_common_all.o)
 .group         0x0000000000000000        0x8 /home/son/stm32/libopencm3/lib/libopencm3_stm32f1.a(gpio_common_all.o)
 .group         0x0000000000000000        0x8 /home/son/stm32/libopencm3/lib/libopencm3_stm32f1.a(gpio_common_all.o)
 .group         0x0000000000000000        0x8 /home/son/stm32/libopencm3/lib/libopencm3_stm32f1.a(gpio_common_all.o)
 .group         0x0000000000000000        0x8 /home/son/stm32/libopencm3/lib/libopencm3_stm32f1.a(gpio_common_all.o)
 .text          0x0000000000000000        0x0 /home/son/stm32/libopencm3/lib/libopencm3_stm32f1.a(gpio_common_all.o)
 .data          0x0000000000000000        0x0 /home/son/stm32/libopencm3/lib/libopencm3_stm32f1.a(gpio_common_all.o)
 .bss           0x0000000000000000        0x0 /home/son/stm32/libopencm3/lib/libopencm3_stm32f1.a(gpio_common_all.o)
 .text.gpio_get
                0x0000000000000000        0x6 /home/son/stm32/libopencm3/lib/libopencm3_stm32f1.a(gpio_common_all.o)
 .text.gpio_toggle
                0x0000000000000000       0x10 /home/son/stm32/libopencm3/lib/libopencm3_stm32f1.a(gpio_common_all.o)
 .text.gpio_port_read
                0x0000000000000000        0x6 /home/son/stm32/libopencm3/lib/libopencm3_stm32f1.a(gpio_common_all.o)
 .text.gpio_port_write
                0x0000000000000000        0x4 /home/son/stm32/libopencm3/lib/libopencm3_stm32f1.a(gpio_common_all.o)
 .text.gpio_port_config_lock
                0x0000000000000000       0x10 /home/son/stm32/libopencm3/lib/libopencm3_stm32f1.a(gpio_common_all.o)
 .debug_macro   0x0000000000000000      0x86e /home/son/stm32/libopencm3/lib/libopencm3_stm32f1.a(gpio_common_all.o)
 .debug_macro   0x0000000000000000       0x22 /home/son/stm32/libopencm3/lib/libopencm3_stm32f1.a(gpio_common_all.o)
 .debug_macro   0x0000000000000000       0x44 /home/son/stm32/libopencm3/lib/libopencm3_stm32f1.a(gpio_common_all.o)
 .debug_macro   0x0000000000000000       0xe3 /home/son/stm32/libopencm3/lib/libopencm3_stm32f1.a(gpio_common_all.o)
 .debug_macro   0x0000000000000000       0x22 /home/son/stm32/libopencm3/lib/libopencm3_stm32f1.a(gpio_common_all.o)
 .debug_macro   0x0000000000000000      0x1df /home/son/stm32/libopencm3/lib/libopencm3_stm32f1.a(gpio_common_all.o)
 .debug_macro   0x0000000000000000       0x22 /home/son/stm32/libopencm3/lib/libopencm3_stm32f1.a(gpio_common_all.o)
 .debug_macro   0x0000000000000000       0xfa /home/son/stm32/libopencm3/lib/libopencm3_stm32f1.a(gpio_common_all.o)
 .debug_macro   0x0000000000000000       0x58 /home/son/stm32/libopencm3/lib/libopencm3_stm32f1.a(gpio_common_all.o)
 .debug_macro   0x0000000000000000      0x1b4 /home/son/stm32/libopencm3/lib/libopencm3_stm32f1.a(gpio_common_all.o)
 .debug_macro   0x0000000000000000       0x76 /home/son/stm32/libopencm3/lib/libopencm3_stm32f1.a(gpio_common_all.o)
 .debug_macro   0x0000000000000000      0xdfd /home/son/stm32/libopencm3/lib/libopencm3_stm32f1.a(gpio_common_all.o)
 .group         0x0000000000000000        0x8 /home/son/stm32/libopencm3/lib/libopencm3_stm32f1.a(rcc_common_all.o)
 .group         0x0000000000000000        0x8 /home/son/stm32/libopencm3/lib/libopencm3_stm32f1.a(rcc_common_all.o)
 .group         0x0000000000000000        0x8 /home/son/stm32/libopencm3/lib/libopencm3_stm32f1.a(rcc_common_all.o)
 .group         0x0000000000000000        0x8 /home/son/stm32/libopencm3/lib/libopencm3_stm32f1.a(rcc_common_all.o)
 .group         0x0000000000000000        0x8 /home/son/stm32/libopencm3/lib/libopencm3_stm32f1.a(rcc_common_all.o)
 .group         0x0000000000000000        0x8 /home/son/stm32/libopencm3/lib/libopencm3_stm32f1.a(rcc_common_all.o)
 .group         0x0000000000000000        0x8 /home/son/stm32/libopencm3/lib/libopencm3_stm32f1.a(rcc_common_all.o)
 .group         0x0000000000000000        0x8 /home/son/stm32/libopencm3/lib/libopencm3_stm32f1.a(rcc_common_all.o)
 .group         0x0000000000000000        0x8 /home/son/stm32/libopencm3/lib/libopencm3_stm32f1.a(rcc_common_all.o)
 .group         0x0000000000000000        0x8 /home/son/stm32/libopencm3/lib/libopencm3_stm32f1.a(rcc_common_all.o)
 .group         0x0000000000000000        0x8 /home/son/stm32/libopencm3/lib/libopencm3_stm32f1.a(rcc_common_all.o)
 .text          0x0000000000000000        0x0 /home/son/stm32/libopencm3/lib/libopencm3_stm32f1.a(rcc_common_all.o)
 .data          0x0000000000000000        0x0 /home/son/stm32/libopencm3/lib/libopencm3_stm32f1.a(rcc_common_all.o)
 .bss           0x0000000000000000        0x0 /home/son/stm32/libopencm3/lib/libopencm3_stm32f1.a(rcc_common_all.o)
 .text.rcc_peripheral_enable_clock
                0x0000000000000000        0x8 /home/son/stm32/libopencm3/lib/libopencm3_stm32f1.a(rcc_common_all.o)
 .text.rcc_peripheral_disable_clock
                0x0000000000000000        0xa /home/son/stm32/libopencm3/lib/libopencm3_stm32f1.a(rcc_common_all.o)
 .text.rcc_peripheral_reset
                0x0000000000000000        0x8 /home/son/stm32/libopencm3/lib/libopencm3_stm32f1.a(rcc_common_all.o)
 .text.rcc_peripheral_clear_reset
                0x0000000000000000        0xa /home/son/stm32/libopencm3/lib/libopencm3_stm32f1.a(rcc_common_all.o)
 .text.rcc_periph_clock_disable
                0x0000000000000000       0x1c /home/son/stm32/libopencm3/lib/libopencm3_stm32f1.a(rcc_common_all.o)
 .text.rcc_periph_reset_pulse
                0x0000000000000000       0x22 /home/son/stm32/libopencm3/lib/libopencm3_stm32f1.a(rcc_common_all.o)
 .text.rcc_periph_reset_hold
                0x0000000000000000       0x1a /home/son/stm32/libopencm3/lib/libopencm3_stm32f1.a(rcc_common_all.o)
 .text.rcc_periph_reset_release
                0x0000000000000000       0x1c /home/son/stm32/libopencm3/lib/libopencm3_stm32f1.a(rcc_common_all.o)
 .text.rcc_set_mco
                0x0000000000000000       0x14 /home/son/stm32/libopencm3/lib/libopencm3_stm32f1.a(rcc_common_all.o)
 .text.rcc_osc_bypass_enable
                0x0000000000000000       0x28 /home/son/stm32/libopencm3/lib/libopencm3_stm32f1.a(rcc_common_all.o)
 .text.rcc_osc_bypass_disable
                0x0000000000000000       0x28 /home/son/stm32/libopencm3/lib/libopencm3_stm32f1.a(rcc_common_all.o)
 .debug_macro   0x0000000000000000      0x86e /home/son/stm32/libopencm3/lib/libopencm3_stm32f1.a(rcc_common_all.o)
 .debug_macro   0x0000000000000000       0x22 /home/son/stm32/libopencm3/lib/libopencm3_stm32f1.a(rcc_common_all.o)
 .debug_macro   0x0000000000000000       0x44 /home/son/stm32/libopencm3/lib/libopencm3_stm32f1.a(rcc_common_all.o)
 .debug_macro   0x0000000000000000       0xe3 /home/son/stm32/libopencm3/lib/libopencm3_stm32f1.a(rcc_common_all.o)
 .debug_macro   0x0000000000000000       0x22 /home/son/stm32/libopencm3/lib/libopencm3_stm32f1.a(rcc_common_all.o)
 .debug_macro   0x0000000000000000      0x1df /home/son/stm32/libopencm3/lib/libopencm3_stm32f1.a(rcc_common_all.o)
 .debug_macro   0x0000000000000000       0x22 /home/son/stm32/libopencm3/lib/libopencm3_stm32f1.a(rcc_common_all.o)
 .debug_macro   0x0000000000000000       0xfa /home/son/stm32/libopencm3/lib/libopencm3_stm32f1.a(rcc_common_all.o)
 .debug_macro   0x0000000000000000       0x58 /home/son/stm32/libopencm3/lib/libopencm3_stm32f1.a(rcc_common_all.o)
 .debug_macro   0x0000000000000000      0x1b4 /home/son/stm32/libopencm3/lib/libopencm3_stm32f1.a(rcc_common_all.o)
 .group         0x0000000000000000        0x8 /home/son/stm32/libopencm3/lib/libopencm3_stm32f1.a(vector.o)
 .group         0x0000000000000000        0x8 /home/son/stm32/libopencm3/lib/libopencm3_stm32f1.a(vector.o)
 .group         0x0000000000000000        0x8 /home/son/stm32/libopencm3/lib/libopencm3_stm32f1.a(vector.o)
 .group         0x0000000000000000        0x8 /home/son/stm32/libopencm3/lib/libopencm3_stm32f1.a(vector.o)
 .group         0x0000000000000000        0x8 /home/son/stm32/libopencm3/lib/libopencm3_stm32f1.a(vector.o)
 .group         0x0000000000000000        0x8 /home/son/stm32/libopencm3/lib/libopencm3_stm32f1.a(vector.o)
 .group         0x0000000000000000        0x8 /home/son/stm32/libopencm3/lib/libopencm3_stm32f1.a(vector.o)
 .group         0x0000000000000000        0x8 /home/son/stm32/libopencm3/lib/libopencm3_stm32f1.a(vector.o)
 .group         0x0000000000000000        0x8 /home/son/stm32/libopencm3/lib/libopencm3_stm32f1.a(vector.o)
 .group         0x0000000000000000        0x8 /home/son/stm32/libopencm3/lib/libopencm3_stm32f1.a(vector.o)
 .group         0x0000000000000000        0x8 /home/son/stm32/libopencm3/lib/libopencm3_stm32f1.a(vector.o)
 .group         0x0000000000000000        0x8 /home/son/stm32/libopencm3/lib/libopencm3_stm32f1.a(vector.o)
 .text          0x0000000000000000        0x0 /home/son/stm32/libopencm3/lib/libopencm3_stm32f1.a(vector.o)
 .data          0x0000000000000000        0x0 /home/son/stm32/libopencm3/lib/libopencm3_stm32f1.a(vector.o)
 .bss           0x0000000000000000        0x0 /home/son/stm32/libopencm3/lib/libopencm3_stm32f1.a(vector.o)
 .debug_macro   0x0000000000000000      0x86e /home/son/stm32/libopencm3/lib/libopencm3_stm32f1.a(vector.o)
 .debug_macro   0x0000000000000000       0x58 /home/son/stm32/libopencm3/lib/libopencm3_stm32f1.a(vector.o)
 .debug_macro   0x0000000000000000       0x22 /home/son/stm32/libopencm3/lib/libopencm3_stm32f1.a(vector.o)
 .debug_macro   0x0000000000000000       0x44 /home/son/stm32/libopencm3/lib/libopencm3_stm32f1.a(vector.o)
 .debug_macro   0x0000000000000000       0xe3 /home/son/stm32/libopencm3/lib/libopencm3_stm32f1.a(vector.o)
 .debug_macro   0x0000000000000000       0x22 /home/son/stm32/libopencm3/lib/libopencm3_stm32f1.a(vector.o)
 .debug_macro   0x0000000000000000      0x1df /home/son/stm32/libopencm3/lib/libopencm3_stm32f1.a(vector.o)
 .debug_macro   0x0000000000000000       0x22 /home/son/stm32/libopencm3/lib/libopencm3_stm32f1.a(vector.o)
 .debug_macro   0x0000000000000000       0xfa /home/son/stm32/libopencm3/lib/libopencm3_stm32f1.a(vector.o)

Memory Configuration

Name             Origin             Length             Attributes
rom              0x0000000008000000 0x0000000000010000 xr
ram              0x0000000020000000 0x0000000000005000 xrw
*default*        0x0000000000000000 0xffffffffffffffff

Linker script and memory map

LOAD miniblink.o
START GROUP
LOAD /opt/gcc-arm/bin/../lib/gcc/arm-none-eabi/8.2.1/../../../../arm-none-eabi/lib/thumb/v7-m/nofp/libc.a
LOAD /opt/gcc-arm/bin/../lib/gcc/arm-none-eabi/8.2.1/thumb/v7-m/nofp/libgcc.a
LOAD /opt/gcc-arm/bin/../lib/gcc/arm-none-eabi/8.2.1/../../../../arm-none-eabi/lib/thumb/v7-m/nofp/libnosys.a
END GROUP
LOAD /home/son/stm32//rtos/libwwg/libwwg.a
LOAD /home/son/stm32/libopencm3/lib/libopencm3_stm32f1.a
START GROUP
LOAD /opt/gcc-arm/bin/../lib/gcc/arm-none-eabi/8.2.1/thumb/v7-m/nofp/libgcc.a
LOAD /opt/gcc-arm/bin/../lib/gcc/arm-none-eabi/8.2.1/../../../../arm-none-eabi/lib/thumb/v7-m/nofp/libc.a
END GROUP
START GROUP
LOAD /opt/gcc-arm/bin/../lib/gcc/arm-none-eabi/8.2.1/thumb/v7-m/nofp/libgcc.a
LOAD /opt/gcc-arm/bin/../lib/gcc/arm-none-eabi/8.2.1/../../../../arm-none-eabi/lib/thumb/v7-m/nofp/libc.a
LOAD /opt/gcc-arm/bin/../lib/gcc/arm-none-eabi/8.2.1/../../../../arm-none-eabi/lib/thumb/v7-m/nofp/libnosys.a
END GROUP

.text           0x0000000008000000      0x2b4
 *(.vectors)
 .vectors       0x0000000008000000      0x150 /home/son/stm32/libopencm3/lib/libopencm3_stm32f1.a(vector.o)
                0x0000000008000000                vector_table
 *(.text*)
 .text.startup.main
                0x0000000008000150       0x48 miniblink.o
                0x0000000008000150                main
 .text.gpio_set_mode
                0x0000000008000198       0x64 /home/son/stm32/libopencm3/lib/libopencm3_stm32f1.a(gpio.o)
                0x0000000008000198                gpio_set_mode
 .text.gpio_set
                0x00000000080001fc        0x4 /home/son/stm32/libopencm3/lib/libopencm3_stm32f1.a(gpio_common_all.o)
                0x00000000080001fc                gpio_set
 .text.gpio_clear
                0x0000000008000200        0x6 /home/son/stm32/libopencm3/lib/libopencm3_stm32f1.a(gpio_common_all.o)
                0x0000000008000200                gpio_clear
 .text.rcc_periph_clock_enable
                0x0000000008000206       0x1a /home/son/stm32/libopencm3/lib/libopencm3_stm32f1.a(rcc_common_all.o)
                0x0000000008000206                rcc_periph_clock_enable
 .text.blocking_handler
                0x0000000008000220        0x2 /home/son/stm32/libopencm3/lib/libopencm3_stm32f1.a(vector.o)
                0x0000000008000220                usart3_isr
                0x0000000008000220                rtc_isr
                0x0000000008000220                tim7_isr
                0x0000000008000220                adc1_2_isr
                0x0000000008000220                tim1_trg_com_isr
                0x0000000008000220                usb_hp_can_tx_isr
                0x0000000008000220                tim6_isr
                0x0000000008000220                usb_wakeup_isr
                0x0000000008000220                blocking_handler
                0x0000000008000220                tim5_isr
                0x0000000008000220                otg_fs_isr
                0x0000000008000220                spi1_isr
                0x0000000008000220                dma1_channel6_isr
                0x0000000008000220                exti2_isr
                0x0000000008000220                can_rx1_isr
                0x0000000008000220                dma1_channel5_isr
                0x0000000008000220                dma2_channel5_isr
                0x0000000008000220                usart1_isr
                0x0000000008000220                usage_fault_handler
                0x0000000008000220                tim8_trg_com_isr
                0x0000000008000220                can2_rx0_isr
                0x0000000008000220                tim1_brk_isr
                0x0000000008000220                can2_rx1_isr
                0x0000000008000220                tim1_cc_isr
                0x0000000008000220                sdio_isr
                0x0000000008000220                eth_isr
                0x0000000008000220                dma1_channel4_isr
                0x0000000008000220                tim8_brk_isr
                0x0000000008000220                dma2_channel4_5_isr
                0x0000000008000220                pvd_isr
                0x0000000008000220                rcc_isr
                0x0000000008000220                flash_isr
                0x0000000008000220                uart4_isr
                0x0000000008000220                rtc_alarm_isr
                0x0000000008000220                exti15_10_isr
                0x0000000008000220                hard_fault_handler
                0x0000000008000220                exti1_isr
                0x0000000008000220                i2c1_ev_isr
                0x0000000008000220                dma2_channel1_isr
                0x0000000008000220                spi2_isr
                0x0000000008000220                tim8_up_isr
                0x0000000008000220                dma2_channel2_isr
                0x0000000008000220                adc3_isr
                0x0000000008000220                exti3_isr
                0x0000000008000220                tim3_isr
                0x0000000008000220                usart2_isr
                0x0000000008000220                usb_lp_can_rx0_isr
                0x0000000008000220                i2c2_er_isr
                0x0000000008000220                i2c2_ev_isr
                0x0000000008000220                uart5_isr
                0x0000000008000220                fsmc_isr
                0x0000000008000220                dma1_channel1_isr
                0x0000000008000220                exti4_isr
                0x0000000008000220                mem_manage_handler
                0x0000000008000220                can2_tx_isr
                0x0000000008000220                exti9_5_isr
                0x0000000008000220                dma2_channel3_isr
                0x0000000008000220                dma1_channel7_isr
                0x0000000008000220                tim1_up_isr
                0x0000000008000220                can2_sce_isr
                0x0000000008000220                tim4_isr
                0x0000000008000220                dma1_channel2_isr
                0x0000000008000220                i2c1_er_isr
                0x0000000008000220                can_sce_isr
                0x0000000008000220                tim8_cc_isr
                0x0000000008000220                tamper_isr
                0x0000000008000220                eth_wkup_isr
                0x0000000008000220                bus_fault_handler
                0x0000000008000220                wwdg_isr
                0x0000000008000220                dma1_channel3_isr
                0x0000000008000220                spi3_isr
                0x0000000008000220                tim2_isr
                0x0000000008000220                exti0_isr
 .text.null_handler
                0x0000000008000222        0x2 /home/son/stm32/libopencm3/lib/libopencm3_stm32f1.a(vector.o)
                0x0000000008000222                null_handler
                0x0000000008000222                sv_call_handler
                0x0000000008000222                pend_sv_handler
                0x0000000008000222                debug_monitor_handler
                0x0000000008000222                sys_tick_handler
                0x0000000008000222                nmi_handler
 .text.reset_handler
                0x0000000008000224       0x90 /home/son/stm32/libopencm3/lib/libopencm3_stm32f1.a(vector.o)
                0x0000000008000224                reset_handler
                0x00000000080002b4                . = ALIGN (0x4)
 *(.rodata*)
                0x00000000080002b4                . = ALIGN (0x4)

.glue_7         0x00000000080002b4        0x0
 .glue_7        0x00000000080002b4        0x0 linker stubs

.glue_7t        0x00000000080002b4        0x0
 .glue_7t       0x00000000080002b4        0x0 linker stubs

.vfp11_veneer   0x00000000080002b4        0x0
 .vfp11_veneer  0x00000000080002b4        0x0 linker stubs

.v4_bx          0x00000000080002b4        0x0
 .v4_bx         0x00000000080002b4        0x0 linker stubs

.iplt           0x00000000080002b4        0x0
 .iplt          0x00000000080002b4        0x0 miniblink.o

.rel.dyn        0x00000000080002b4        0x0
 .rel.iplt      0x00000000080002b4        0x0 miniblink.o

.preinit_array  0x00000000080002b4        0x0
                0x00000000080002b4                . = ALIGN (0x4)
                0x00000000080002b4                __preinit_array_start = .
 *(.preinit_array)
                0x00000000080002b4                __preinit_array_end = .

.init_array     0x00000000080002b4        0x0
                0x00000000080002b4                . = ALIGN (0x4)
                0x00000000080002b4                __init_array_start = .
 *(SORT_BY_NAME(.init_array.*))
 *(.init_array)
                0x00000000080002b4                __init_array_end = .

.fini_array     0x00000000080002b4        0x0
                0x00000000080002b4                . = ALIGN (0x4)
                0x00000000080002b4                __fini_array_start = .
 *(.fini_array)
 *(SORT_BY_NAME(.fini_array.*))
                0x00000000080002b4                __fini_array_end = .

.ARM.extab
 *(.ARM.extab*)

.ARM.exidx      0x00000000080002b4        0x0
                0x00000000080002b4                __exidx_start = .
 *(.ARM.exidx*)
                0x00000000080002b4                __exidx_end = .
                0x00000000080002b4                . = ALIGN (0x4)
                0x00000000080002b4                _etext = .

.data           0x0000000020000000        0x0 load address 0x00000000080002b4
                0x0000000020000000                _data = .
 *(.data*)
                0x0000000020000000                . = ALIGN (0x4)
                0x0000000020000000                _edata = .
                0x00000000080002b4                _data_loadaddr = LOADADDR (.data)

.igot.plt       0x0000000020000000        0x0 load address 0x00000000080002b4
 .igot.plt      0x0000000020000000        0x0 miniblink.o

.bss            0x0000000020000000        0x0 load address 0x00000000080002b4
 *(.bss*)
 *(COMMON)
                0x0000000020000000                . = ALIGN (0x4)
                0x0000000020000000                _ebss = .

/DISCARD/
 *(.eh_frame)
                0x0000000020000000                . = ALIGN (0x4)
                0x0000000020000000                end = .
                0x0000000020005000                PROVIDE (_stack = (ORIGIN (ram) + LENGTH (ram)))
OUTPUT(miniblink.elf elf32-littlearm)

.debug_info     0x0000000000000000      0xfa0
 .debug_info    0x0000000000000000      0x33d miniblink.o
 .debug_info    0x000000000000033d      0x1df /home/son/stm32/libopencm3/lib/libopencm3_stm32f1.a(gpio.o)
 .debug_info    0x000000000000051c      0x22c /home/son/stm32/libopencm3/lib/libopencm3_stm32f1.a(gpio_common_all.o)
 .debug_info    0x0000000000000748      0x5b8 /home/son/stm32/libopencm3/lib/libopencm3_stm32f1.a(rcc_common_all.o)
 .debug_info    0x0000000000000d00      0x2a0 /home/son/stm32/libopencm3/lib/libopencm3_stm32f1.a(vector.o)

.debug_abbrev   0x0000000000000000      0x4cb
 .debug_abbrev  0x0000000000000000      0x10d miniblink.o
 .debug_abbrev  0x000000000000010d       0xb7 /home/son/stm32/libopencm3/lib/libopencm3_stm32f1.a(gpio.o)
 .debug_abbrev  0x00000000000001c4      0x10e /home/son/stm32/libopencm3/lib/libopencm3_stm32f1.a(gpio_common_all.o)
 .debug_abbrev  0x00000000000002d2       0xc1 /home/son/stm32/libopencm3/lib/libopencm3_stm32f1.a(rcc_common_all.o)
 .debug_abbrev  0x0000000000000393      0x138 /home/son/stm32/libopencm3/lib/libopencm3_stm32f1.a(vector.o)

.debug_loc      0x0000000000000000      0x4bb
 .debug_loc     0x0000000000000000       0xa2 miniblink.o
 .debug_loc     0x00000000000000a2      0x19f /home/son/stm32/libopencm3/lib/libopencm3_stm32f1.a(gpio.o)
 .debug_loc     0x0000000000000241       0x84 /home/son/stm32/libopencm3/lib/libopencm3_stm32f1.a(gpio_common_all.o)
 .debug_loc     0x00000000000002c5      0x14a /home/son/stm32/libopencm3/lib/libopencm3_stm32f1.a(rcc_common_all.o)
 .debug_loc     0x000000000000040f       0xac /home/son/stm32/libopencm3/lib/libopencm3_stm32f1.a(vector.o)

.debug_aranges  0x0000000000000000      0x150
 .debug_aranges
                0x0000000000000000       0x20 miniblink.o
 .debug_aranges
                0x0000000000000020       0x38 /home/son/stm32/libopencm3/lib/libopencm3_stm32f1.a(gpio.o)
 .debug_aranges
                0x0000000000000058       0x50 /home/son/stm32/libopencm3/lib/libopencm3_stm32f1.a(gpio_common_all.o)
 .debug_aranges
                0x00000000000000a8       0x78 /home/son/stm32/libopencm3/lib/libopencm3_stm32f1.a(rcc_common_all.o)
 .debug_aranges
                0x0000000000000120       0x30 /home/son/stm32/libopencm3/lib/libopencm3_stm32f1.a(vector.o)

.debug_ranges   0x0000000000000000      0x118
 .debug_ranges  0x0000000000000000       0x28 miniblink.o
 .debug_ranges  0x0000000000000028       0x28 /home/son/stm32/libopencm3/lib/libopencm3_stm32f1.a(gpio.o)
 .debug_ranges  0x0000000000000050       0x40 /home/son/stm32/libopencm3/lib/libopencm3_stm32f1.a(gpio_common_all.o)
 .debug_ranges  0x0000000000000090       0x68 /home/son/stm32/libopencm3/lib/libopencm3_stm32f1.a(rcc_common_all.o)
 .debug_ranges  0x00000000000000f8       0x20 /home/son/stm32/libopencm3/lib/libopencm3_stm32f1.a(vector.o)

.debug_line     0x0000000000000000      0xbd7
 .debug_line    0x0000000000000000      0x1b4 miniblink.o
 .debug_line    0x00000000000001b4      0x247 /home/son/stm32/libopencm3/lib/libopencm3_stm32f1.a(gpio.o)
 .debug_line    0x00000000000003fb      0x280 /home/son/stm32/libopencm3/lib/libopencm3_stm32f1.a(gpio_common_all.o)
 .debug_line    0x000000000000067b      0x2cb /home/son/stm32/libopencm3/lib/libopencm3_stm32f1.a(rcc_common_all.o)
 .debug_line    0x0000000000000946      0x291 /home/son/stm32/libopencm3/lib/libopencm3_stm32f1.a(vector.o)

.debug_str      0x0000000000000000     0xc8d8
 .debug_str     0x0000000000000000      0x3b1 miniblink.o
                                        0x443 (size before relaxing)
 .debug_str     0x00000000000003b1     0x77f3 /home/son/stm32/libopencm3/lib/libopencm3_stm32f1.a(gpio.o)
                                       0x7986 (size before relaxing)
 .debug_str     0x0000000000007ba4       0x6c /home/son/stm32/libopencm3/lib/libopencm3_stm32f1.a(gpio_common_all.o)
                                       0x797a (size before relaxing)
 .debug_str     0x0000000000007c10     0x27cd /home/son/stm32/libopencm3/lib/libopencm3_stm32f1.a(rcc_common_all.o)
                                       0x6b6f (size before relaxing)
 .debug_str     0x000000000000a3dd     0x24fb /home/son/stm32/libopencm3/lib/libopencm3_stm32f1.a(vector.o)
                                       0x5ad7 (size before relaxing)

.comment        0x0000000000000000       0xad
 .comment       0x0000000000000000       0x75 miniblink.o
                                         0x76 (size before relaxing)
 .comment       0x0000000000000075       0x38 /home/son/stm32/libopencm3/lib/libopencm3_stm32f1.a(gpio.o)
                                         0x39 (size before relaxing)
 .comment       0x00000000000000ad       0x39 /home/son/stm32/libopencm3/lib/libopencm3_stm32f1.a(gpio_common_all.o)
 .comment       0x00000000000000ad       0x39 /home/son/stm32/libopencm3/lib/libopencm3_stm32f1.a(rcc_common_all.o)
 .comment       0x00000000000000ad       0x39 /home/son/stm32/libopencm3/lib/libopencm3_stm32f1.a(vector.o)

.ARM.attributes
                0x0000000000000000       0x2d
 .ARM.attributes
                0x0000000000000000       0x2d miniblink.o
 .ARM.attributes
                0x000000000000002d       0x33 /home/son/stm32/libopencm3/lib/libopencm3_stm32f1.a(gpio.o)
 .ARM.attributes
                0x0000000000000060       0x33 /home/son/stm32/libopencm3/lib/libopencm3_stm32f1.a(gpio_common_all.o)
 .ARM.attributes
                0x0000000000000093       0x33 /home/son/stm32/libopencm3/lib/libopencm3_stm32f1.a(rcc_common_all.o)
 .ARM.attributes
                0x00000000000000c6       0x33 /home/son/stm32/libopencm3/lib/libopencm3_stm32f1.a(vector.o)

.debug_frame    0x0000000000000000      0x218
 .debug_frame   0x0000000000000000       0x28 miniblink.o
 .debug_frame   0x0000000000000028       0x60 /home/son/stm32/libopencm3/lib/libopencm3_stm32f1.a(gpio.o)
 .debug_frame   0x0000000000000088       0x80 /home/son/stm32/libopencm3/lib/libopencm3_stm32f1.a(gpio_common_all.o)
 .debug_frame   0x0000000000000108       0xd0 /home/son/stm32/libopencm3/lib/libopencm3_stm32f1.a(rcc_common_all.o)
 .debug_frame   0x00000000000001d8       0x40 /home/son/stm32/libopencm3/lib/libopencm3_stm32f1.a(vector.o)

.debug_macro    0x0000000000000000     0x2e01
 .debug_macro   0x0000000000000000       0xaa /home/son/stm32/libopencm3/lib/libopencm3_stm32f1.a(gpio.o)
 .debug_macro   0x00000000000000aa      0x86e /home/son/stm32/libopencm3/lib/libopencm3_stm32f1.a(gpio.o)
 .debug_macro   0x0000000000000918       0x22 /home/son/stm32/libopencm3/lib/libopencm3_stm32f1.a(gpio.o)
 .debug_macro   0x000000000000093a       0x44 /home/son/stm32/libopencm3/lib/libopencm3_stm32f1.a(gpio.o)
 .debug_macro   0x000000000000097e       0xe3 /home/son/stm32/libopencm3/lib/libopencm3_stm32f1.a(gpio.o)
 .debug_macro   0x0000000000000a61       0x22 /home/son/stm32/libopencm3/lib/libopencm3_stm32f1.a(gpio.o)
 .debug_macro   0x0000000000000a83      0x1df /home/son/stm32/libopencm3/lib/libopencm3_stm32f1.a(gpio.o)
 .debug_macro   0x0000000000000c62       0x22 /home/son/stm32/libopencm3/lib/libopencm3_stm32f1.a(gpio.o)
 .debug_macro   0x0000000000000c84       0xfa /home/son/stm32/libopencm3/lib/libopencm3_stm32f1.a(gpio.o)
 .debug_macro   0x0000000000000d7e       0x58 /home/son/stm32/libopencm3/lib/libopencm3_stm32f1.a(gpio.o)
 .debug_macro   0x0000000000000dd6      0x1b4 /home/son/stm32/libopencm3/lib/libopencm3_stm32f1.a(gpio.o)
 .debug_macro   0x0000000000000f8a       0x76 /home/son/stm32/libopencm3/lib/libopencm3_stm32f1.a(gpio.o)
 .debug_macro   0x0000000000001000      0xdfd /home/son/stm32/libopencm3/lib/libopencm3_stm32f1.a(gpio.o)
 .debug_macro   0x0000000000001dfd       0xaa /home/son/stm32/libopencm3/lib/libopencm3_stm32f1.a(gpio_common_all.o)
 .debug_macro   0x0000000000001ea7       0xc0 /home/son/stm32/libopencm3/lib/libopencm3_stm32f1.a(rcc_common_all.o)
 .debug_macro   0x0000000000001f67      0x82c /home/son/stm32/libopencm3/lib/libopencm3_stm32f1.a(rcc_common_all.o)
 .debug_macro   0x0000000000002793       0xc1 /home/son/stm32/libopencm3/lib/libopencm3_stm32f1.a(vector.o)
 .debug_macro   0x0000000000002854      0x3a1 /home/son/stm32/libopencm3/lib/libopencm3_stm32f1.a(vector.o)
 .debug_macro   0x0000000000002bf5       0x6a /home/son/stm32/libopencm3/lib/libopencm3_stm32f1.a(vector.o)
 .debug_macro   0x0000000000002c5f      0x1a2 /home/son/stm32/libopencm3/lib/libopencm3_stm32f1.a(vector.o)
